Component: ARM Compiler 6.16 Tool: armlink [5dfeaa00]

==============================================================================

Section Cross References

    system_stm32f10x.o(.text.SystemInit) refers to system_stm32f10x.o(.text.SetSysClock) for SetSysClock
    system_stm32f10x.o(.ARM.exidx.text.SystemInit) refers to system_stm32f10x.o(.text.SystemInit) for [Anonymous Symbol]
    system_stm32f10x.o(.text.SetSysClock) refers to system_stm32f10x.o(.text.SetSysClockTo72) for SetSysClockTo72
    system_stm32f10x.o(.ARM.exidx.text.SetSysClock) refers to system_stm32f10x.o(.text.SetSysClock) for [Anonymous Symbol]
    system_stm32f10x.o(.text.SystemCoreClockUpdate) refers to system_stm32f10x.o(.data.SystemCoreClock) for SystemCoreClock
    system_stm32f10x.o(.text.SystemCoreClockUpdate) refers to system_stm32f10x.o(.rodata.AHBPrescTable) for AHBPrescTable
    system_stm32f10x.o(.ARM.exidx.text.SystemCoreClockUpdate) refers to system_stm32f10x.o(.text.SystemCoreClockUpdate) for [Anonymous Symbol]
    system_stm32f10x.o(.ARM.exidx.text.SetSysClockTo72) refers to system_stm32f10x.o(.text.SetSysClockTo72) for [Anonymous Symbol]
    startup_stm32f10x_md.o(RESET) refers to startup_stm32f10x_md.o(STACK) for __initial_sp
    startup_stm32f10x_md.o(RESET) refers to startup_stm32f10x_md.o(.text) for Reset_Handler
    startup_stm32f10x_md.o(RESET) refers to stm32f10x_it.o(.text.NMI_Handler) for NMI_Handler
    startup_stm32f10x_md.o(RESET) refers to stm32f10x_it.o(.text.HardFault_Handler) for HardFault_Handler
    startup_stm32f10x_md.o(RESET) refers to stm32f10x_it.o(.text.MemManage_Handler) for MemManage_Handler
    startup_stm32f10x_md.o(RESET) refers to stm32f10x_it.o(.text.BusFault_Handler) for BusFault_Handler
    startup_stm32f10x_md.o(RESET) refers to stm32f10x_it.o(.text.UsageFault_Handler) for UsageFault_Handler
    startup_stm32f10x_md.o(RESET) refers to stm32f10x_it.o(.text.SVC_Handler) for SVC_Handler
    startup_stm32f10x_md.o(RESET) refers to stm32f10x_it.o(.text.DebugMon_Handler) for DebugMon_Handler
    startup_stm32f10x_md.o(RESET) refers to stm32f10x_it.o(.text.PendSV_Handler) for PendSV_Handler
    startup_stm32f10x_md.o(RESET) refers to stm32f10x_it.o(.text.SysTick_Handler) for SysTick_Handler
    startup_stm32f10x_md.o(RESET) refers to main.o(.text.EXTI9_5_IRQHandler) for EXTI9_5_IRQHandler
    startup_stm32f10x_md.o(RESET) refers to main.o(.text.TIM3_IRQHandler) for TIM3_IRQHandler
    startup_stm32f10x_md.o(RESET) refers to usart1.o(.text.USART1_IRQHandler) for USART1_IRQHandler
    startup_stm32f10x_md.o(.text) refers to system_stm32f10x.o(.text.SystemInit) for SystemInit
    startup_stm32f10x_md.o(.text) refers to entry.o(.ARM.Collect$$$$00000000) for __main
    misc.o(.ARM.exidx.text.NVIC_PriorityGroupConfig) refers to misc.o(.text.NVIC_PriorityGroupConfig) for [Anonymous Symbol]
    misc.o(.ARM.exidx.text.NVIC_Init) refers to misc.o(.text.NVIC_Init) for [Anonymous Symbol]
    misc.o(.ARM.exidx.text.NVIC_SetVectorTable) refers to misc.o(.text.NVIC_SetVectorTable) for [Anonymous Symbol]
    misc.o(.ARM.exidx.text.NVIC_SystemLPConfig) refers to misc.o(.text.NVIC_SystemLPConfig) for [Anonymous Symbol]
    misc.o(.ARM.exidx.text.SysTick_CLKSourceConfig) refers to misc.o(.text.SysTick_CLKSourceConfig) for [Anonymous Symbol]
    stm32f10x_adc.o(.text.ADC_DeInit) refers to stm32f10x_rcc.o(.text.RCC_APB2PeriphResetCmd) for RCC_APB2PeriphResetCmd
    stm32f10x_adc.o(.ARM.exidx.text.ADC_DeInit) refers to stm32f10x_adc.o(.text.ADC_DeInit) for [Anonymous Symbol]
    stm32f10x_adc.o(.ARM.exidx.text.ADC_Init) refers to stm32f10x_adc.o(.text.ADC_Init) for [Anonymous Symbol]
    stm32f10x_adc.o(.ARM.exidx.text.ADC_StructInit) refers to stm32f10x_adc.o(.text.ADC_StructInit) for [Anonymous Symbol]
    stm32f10x_adc.o(.ARM.exidx.text.ADC_Cmd) refers to stm32f10x_adc.o(.text.ADC_Cmd) for [Anonymous Symbol]
    stm32f10x_adc.o(.ARM.exidx.text.ADC_DMACmd) refers to stm32f10x_adc.o(.text.ADC_DMACmd) for [Anonymous Symbol]
    stm32f10x_adc.o(.ARM.exidx.text.ADC_ITConfig) refers to stm32f10x_adc.o(.text.ADC_ITConfig) for [Anonymous Symbol]
    stm32f10x_adc.o(.ARM.exidx.text.ADC_ResetCalibration) refers to stm32f10x_adc.o(.text.ADC_ResetCalibration) for [Anonymous Symbol]
    stm32f10x_adc.o(.ARM.exidx.text.ADC_GetResetCalibrationStatus) refers to stm32f10x_adc.o(.text.ADC_GetResetCalibrationStatus) for [Anonymous Symbol]
    stm32f10x_adc.o(.ARM.exidx.text.ADC_StartCalibration) refers to stm32f10x_adc.o(.text.ADC_StartCalibration) for [Anonymous Symbol]
    stm32f10x_adc.o(.ARM.exidx.text.ADC_GetCalibrationStatus) refers to stm32f10x_adc.o(.text.ADC_GetCalibrationStatus) for [Anonymous Symbol]
    stm32f10x_adc.o(.ARM.exidx.text.ADC_SoftwareStartConvCmd) refers to stm32f10x_adc.o(.text.ADC_SoftwareStartConvCmd) for [Anonymous Symbol]
    stm32f10x_adc.o(.ARM.exidx.text.ADC_GetSoftwareStartConvStatus) refers to stm32f10x_adc.o(.text.ADC_GetSoftwareStartConvStatus) for [Anonymous Symbol]
[...]
    __aeabi_memset                           0x0800020d   Thumb Code    14  memseta.o(.text)
    __aeabi_memset4                          0x0800020d   Thumb Code     0  memseta.o(.text)
    __aeabi_memset8                          0x0800020d   Thumb Code     0  memseta.o(.text)
    __aeabi_memclr                           0x0800021b   Thumb Code     4  memseta.o(.text)
    __aeabi_memclr4                          0x0800021b   Thumb Code     0  memseta.o(.text)
    __aeabi_memclr8                          0x0800021b   Thumb Code     0  memseta.o(.text)
    _memset$wrapper                          0x0800021f   Thumb Code    18  memseta.o(.text)
    memcmp                                   0x08000231   Thumb Code    26  memcmp.o(.text)
    __aeabi_fadd                             0x0800024b   Thumb Code   164  fadd.o(.text)
    __aeabi_fsub                             0x080002ef   Thumb Code     6  fadd.o(.text)
    __aeabi_frsub                            0x080002f5   Thumb Code     6  fadd.o(.text)
    __aeabi_fmul                             0x080002fb   Thumb Code   100  fmul.o(.text)
    __aeabi_fdiv                             0x0800035f   Thumb Code   124  fdiv.o(.text)
    __aeabi_dmul                             0x080003db   Thumb Code   228  dmul.o(.text)
    __aeabi_ddiv                             0x080004bf   Thumb Code   222  ddiv.o(.text)
    __aeabi_fcmple                           0x0800059d   Thumb Code    28  fcmple.o(.text)
    __aeabi_fcmplt                           0x080005b9   Thumb Code    28  fcmplt.o(.text)
    __aeabi_fcmpeq                           0x080005d5   Thumb Code    28  fcmpeq.o(.text)
    __aeabi_i2f                              0x080005f1   Thumb Code    18  fflti.o(.text)
    __aeabi_ui2f                             0x08000603   Thumb Code    10  ffltui.o(.text)
    __aeabi_i2d                              0x0800060d   Thumb Code    34  dflti.o(.text)
    __aeabi_f2iz                             0x0800062f   Thumb Code    50  ffixi.o(.text)
    __aeabi_d2iz                             0x08000661   Thumb Code    62  dfixi.o(.text)
    __aeabi_f2d                              0x0800069f   Thumb Code    38  f2d.o(.text)
    __aeabi_d2f                              0x080006c5   Thumb Code    56  d2f.o(.text)
    __aeabi_uidiv                            0x080006fd   Thumb Code     0  uidiv.o(.text)
    __aeabi_uidivmod                         0x080006fd   Thumb Code    44  uidiv.o(.text)
    __aeabi_llsl                             0x08000729   Thumb Code    30  llshl.o(.text)
    _ll_shift_l                              0x08000729   Thumb Code     0  llshl.o(.text)
    __aeabi_llsr                             0x08000747   Thumb Code    32  llushr.o(.text)
    _ll_ushift_r                             0x08000747   Thumb Code     0  llushr.o(.text)
    __I$use$fp                               0x08000767   Thumb Code     0  iusefp.o(.text)
    _float_round                             0x08000767   Thumb Code    18  fepilogue.o(.text)
    _float_epilogue                          0x08000779   Thumb Code    92  fepilogue.o(.text)
    _double_round                            0x080007d5   Thumb Code    30  depilogue.o(.text)
    _double_epilogue                         0x080007f3   Thumb Code   156  depilogue.o(.text)
    __aeabi_dadd                             0x0800088f   Thumb Code   322  dadd.o(.text)
    __aeabi_dsub                             0x080009d1   Thumb Code     6  dadd.o(.text)
    __aeabi_drsub                            0x080009d7   Thumb Code     6  dadd.o(.text)
    _drnd                                    0x080009dd   Thumb Code   132  drnd.o(.text)
    __aeabi_d2ulz                            0x08000a65   Thumb Code    48  dfixul.o(.text)
    __aeabi_cdcmpeq                          0x08000a95   Thumb Code     0  cdcmple.o(.text)
    __aeabi_cdcmple                          0x08000a95   Thumb Code    48  cdcmple.o(.text)
    __aeabi_cdrcmple                         0x08000ac5   Thumb Code    48  cdrcmple.o(.text)
    __scatterload                            0x08000af5   Thumb Code    28  init.o(.text)
    __scatterload_rt2                        0x08000af5   Thumb Code     0  init.o(.text)
    __aeabi_lasr                             0x08000b19   Thumb Code    36  llsshr.o(.text)
    _ll_sshift_r                             0x08000b19   Thumb Code     0  llsshr.o(.text)
    BusFault_Handler                         0x08000b3d   Thumb Code     2  stm32f10x_it.o(.text.BusFault_Handler)
    Cyberry_Potter_System_Status_Update      0x08000b41   Thumb Code    60  cybermagicwand.o(.text.Cyberry_Potter_System_Status_Update)
    DMP_Read                                 0x08000bd5   Thumb Code    84  mpu6050.o(.text.DMP_Read)
    DMP_Write                                0x08000ced   Thumb Code    58  mpu6050.o(.text.DMP_Write)
    Deal_Model_Output_Function               0x08000d29   Thumb Code    72  main.o(.text.Deal_Model_Output_Function)
    DebugMon_Handler                         0x08000d71   Thumb Code     2  stm32f10x_it.o(.text.DebugMon_Handler)
    Delay_ms                                 0x08000d75   Thumb Code    28  delay.o(.text.Delay_ms)
    Delay_us                                 0x08000d91   Thumb Code    36  delay.o(.text.Delay_us)
    EXTI9_5_IRQHandler                       0x08000db5   Thumb Code    68  main.o(.text.EXTI9_5_IRQHandler)
    EXTI_ClearITPendingBit                   0x08000df9   Thumb Code    12  stm32f10x_exti.o(.text.EXTI_ClearITPendingBit)
    EXTI_GetITStatus                         0x08000e05   Thumb Code    30  stm32f10x_exti.o(.text.EXTI_GetITStatus)
    EXTI_Init                                0x08000e25   Thumb Code   104  stm32f10x_exti.o(.text.EXTI_Init)
    FLASH_PrefetchBufferCmd                  0x08000e8d   Thumb Code    24  stm32f10x_flash.o(.text.FLASH_PrefetchBufferCmd)
    FLASH_SetLatency                         0x08000ea5   Thumb Code    20  stm32f10x_flash.o(.text.FLASH_SetLatency)
    Flatten                                  0x08000eb9   Thumb Code    84  nnom_flatten.o(.text.Flatten)
    GPIO_EXTILineConfig                      0x08000f0d   Thumb Code    46  stm32f10x_gpio.o(.text.GPIO_EXTILineConfig)
    GPIO_Init                                0x08000f3d   Thumb Code   176  stm32f10x_gpio.o(.text.GPIO_Init)
    GPIO_ReadInputDataBit                    0x08000fed   Thumb Code    10  stm32f10x_gpio.o(.text.GPIO_ReadInputDataBit)
    GPIO_ResetBits                           0x08000ff9   Thumb Code     4  stm32f10x_gpio.o(.text.GPIO_ResetBits)
    GPIO_SetBits                             0x08000ffd   Thumb Code     4  stm32f10x_gpio.o(.text.GPIO_SetBits)
    GPIO_WriteBit                            0x08001001   Thumb Code    12  stm32f10x_gpio.o(.text.GPIO_WriteBit)
    Green_LED_OFF                            0x0800100d   Thumb Code    18  led.o(.text.Green_LED_OFF)
    Green_LED_ON                             0x08001021   Thumb Code    18  led.o(.text.Green_LED_ON)
    HardFault_Handler                        0x08001035   Thumb Code     2  stm32f10x_it.o(.text.HardFault_Handler)
    I2C_Software_Init                        0x08001039   Thumb Code    50  i2csoftware.o(.text.I2C_Software_Init)
    I2C_Software_ReceiveAck                  0x0800106d   Thumb Code    30  i2csoftware.o(.text.I2C_Software_ReceiveAck)
    I2C_Software_ReceiveByte                 0x0800108d   Thumb Code    54  i2csoftware.o(.text.I2C_Software_ReceiveByte)
    I2C_Software_SendAck                     0x080010c5   Thumb Code    20  i2csoftware.o(.text.I2C_Software_SendAck)
    I2C_Software_SendData                    0x080010d9   Thumb Code    42  i2csoftware.o(.text.I2C_Software_SendData)
    I2C_Software_StartSignal                 0x08001105   Thumb Code    28  i2csoftware.o(.text.I2C_Software_StartSignal)
    I2C_Software_StopSignal                  0x08001121   Thumb Code    22  i2csoftware.o(.text.I2C_Software_StopSignal)
    IMU_GetData                              0x08001139   Thumb Code   284  imu.o(.text.IMU_GetData)
    KEY_GetAction                            0x08001255   Thumb Code    34  keystatemachine.o(.text.KEY_GetAction)
    Key_GetState                             0x08001279   Thumb Code   202  keystatemachine.o(.text.Key_GetState)
    Key_Init                                 0x08001345   Thumb Code    42  keystatemachine.o(.text.Key_Init)
    LED_Blink                                0x08001371   Thumb Code   128  cybermagicwand.o(.text.LED_Blink)
    LED_Init                                 0x080013f1   Thumb Code    58  led.o(.text.LED_Init)
    MPU6050_INT_Disable                      0x0800142d   Thumb Code    18  mpu6050.o(.text.MPU6050_INT_Disable)
    MPU6050_INT_Enable                       0x08001441   Thumb Code    18  mpu6050.o(.text.MPU6050_INT_Enable)
    MPU6050_INT_Init                         0x08001455   Thumb Code   102  mpu6050.o(.text.MPU6050_INT_Init)
    MPU6050_Init                             0x080014bd   Thumb Code   126  mpu6050.o(.text.MPU6050_Init)
    MaxPool                                  0x0800153d   Thumb Code   178  nnom_maxpool.o(.text.MaxPool)
    MemManage_Handler                        0x080015f1   Thumb Code     2  stm32f10x_it.o(.text.MemManage_Handler)
    Model_GetOutput                          0x080015f5   Thumb Code   108  model.o(.text.Model_GetOutput)
    Model_InputData                          0x08001679   Thumb Code   134  model.o(.text.Model_InputData)
    Model_Load                               0x08001701   Thumb Code    42  model.o(.text.Model_Load)
    Model_Run                                0x0800172d   Thumb Code    18  model.o(.text.Model_Run)
    NMI_Handler                              0x08001741   Thumb Code     2  stm32f10x_it.o(.text.NMI_Handler)
    NVIC_Configuration                       0x08001745   Thumb Code    12  sys.o(.text.NVIC_Configuration)
    NVIC_Init                                0x08001751   Thumb Code    94  misc.o(.text.NVIC_Init)
    NVIC_PriorityGroupConfig                 0x080017b1   Thumb Code    20  misc.o(.text.NVIC_PriorityGroupConfig)
    PendSV_Handler                           0x080017c5   Thumb Code     2  stm32f10x_it.o(.text.PendSV_Handler)
    RCC_APB1PeriphClockCmd                   0x080017c9   Thumb Code    24  stm32f10x_rcc.o(.text.RCC_APB1PeriphClockCmd)
    RCC_APB2PeriphClockCmd                   0x080017e1   Thumb Code    24  stm32f10x_rcc.o(.text.RCC_APB2PeriphClockCmd)
    RCC_Configuration                        0x080017f9   Thumb Code   102  sys.o(.text.RCC_Configuration)
    RCC_DeInit                               0x08001861   Thumb Code    66  stm32f10x_rcc.o(.text.RCC_DeInit)
    RCC_GetClocksFreq                        0x080018a5   Thumb Code   160  stm32f10x_rcc.o(.text.RCC_GetClocksFreq)
    RCC_GetFlagStatus                        0x08001945   Thumb Code    42  stm32f10x_rcc.o(.text.RCC_GetFlagStatus)
    RCC_GetSYSCLKSource                      0x08001971   Thumb Code    16  stm32f10x_rcc.o(.text.RCC_GetSYSCLKSource)
    RCC_HCLKConfig                           0x08001981   Thumb Code    20  stm32f10x_rcc.o(.text.RCC_HCLKConfig)
    RCC_HSEConfig                            0x08001995   Thumb Code    50  stm32f10x_rcc.o(.text.RCC_HSEConfig)
    RCC_PCLK1Config                          0x080019c9   Thumb Code    20  stm32f10x_rcc.o(.text.RCC_PCLK1Config)
    RCC_PCLK2Config                          0x080019dd   Thumb Code    22  stm32f10x_rcc.o(.text.RCC_PCLK2Config)
    RCC_PLLCmd                               0x080019f5   Thumb Code    10  stm32f10x_rcc.o(.text.RCC_PLLCmd)
    RCC_PLLConfig                            0x08001a01   Thumb Code    22  stm32f10x_rcc.o(.text.RCC_PLLConfig)
    RCC_SYSCLKConfig                         0x08001a19   Thumb Code    20  stm32f10x_rcc.o(.text.RCC_SYSCLKConfig)
    RCC_WaitForHSEStartUp                    0x08001a2d   Thumb Code    48  stm32f10x_rcc.o(.text.RCC_WaitForHSEStartUp)
    Red_LED_OFF                              0x08001a5d   Thumb Code    18  led.o(.text.Red_LED_OFF)
    Red_LED_ON                               0x08001a71   Thumb Code    18  led.o(.text.Red_LED_ON)
    SCL_Write                                0x08001a85   Thumb Code    26  i2csoftware.o(.text.SCL_Write)
    SDA_Read                                 0x08001aa1   Thumb Code    28  i2csoftware.o(.text.SDA_Read)
    SDA_Write                                0x08001abd   Thumb Code    26  i2csoftware.o(.text.SDA_Write)
    SVC_Handler                              0x08001ad9   Thumb Code     2  stm32f10x_it.o(.text.SVC_Handler)
    Softmax                                  0x08001ba5   Thumb Code    80  nnom_softmax.o(.text.Softmax)
    State_LED_OFF                            0x08001bf5   Thumb Code    18  led.o(.text.State_LED_OFF)
    State_LED_ON                             0x08001c09   Thumb Code    18  led.o(.text.State_LED_ON)
    SysTick_Handler                          0x08001c1d   Thumb Code     2  stm32f10x_it.o(.text.SysTick_Handler)
    SystemInit                               0x08001c21   Thumb Code    86  system_stm32f10x.o(.text.SystemInit)
    TIM3_IRQHandler                          0x08001c79   Thumb Code    58  main.o(.text.TIM3_IRQHandler)
    TIM3_Init                                0x08001cb5   Thumb Code    94  keystatemachine.o(.text.TIM3_Init)
    TIM_ClearITPendingBit                    0x08001d15   Thumb Code     6  stm32f10x_tim.o(.text.TIM_ClearITPendingBit)
    TIM_Cmd                                  0x08001d1d   Thumb Code    18  stm32f10x_tim.o(.text.TIM_Cmd)
    TIM_GetITStatus                          0x08001d31   Thumb Code    20  stm32f10x_tim.o(.text.TIM_GetITStatus)
    TIM_ITConfig                             0x08001d45   Thumb Code    16  stm32f10x_tim.o(.text.TIM_ITConfig)
    TIM_TimeBaseInit                         0x08001d55   Thumb Code   170  stm32f10x_tim.o(.text.TIM_TimeBaseInit)
    USART1_IRQHandler                        0x08001e01   Thumb Code    66  usart1.o(.text.USART1_IRQHandler)
    USART1_Init                              0x08001e45   Thumb Code   140  usart1.o(.text.USART1_Init)
    USART1_SendByte                          0x08001ed1   Thumb Code    34  usart1.o(.text.USART1_SendByte)
    USART_ClearITPendingBit                  0x08001ef5   Thumb Code    14  stm32f10x_usart.o(.text.USART_ClearITPendingBit)
    USART_Cmd                                0x08001f05   Thumb Code    20  stm32f10x_usart.o(.text.USART_Cmd)
    USART_GetFlagStatus                      0x08001f19   Thumb Code    10  stm32f10x_usart.o(.text.USART_GetFlagStatus)
    USART_GetITStatus                        0x08001f25   Thumb Code    48  stm32f10x_usart.o(.text.USART_GetITStatus)
    USART_ITConfig                           0x08001f55   Thumb Code    46  stm32f10x_usart.o(.text.USART_ITConfig)
    USART_Init                               0x08001f85   Thumb Code   182  stm32f10x_usart.o(.text.USART_Init)
    USART_ReceiveData                        0x0800203d   Thumb Code     8  stm32f10x_usart.o(.text.USART_ReceiveData)
    USART_SendData                           0x08002045   Thumb Code     8  stm32f10x_usart.o(.text.USART_SendData)
    UsageFault_Handler                       0x0800204d   Thumb Code     2  stm32f10x_it.o(.text.UsageFault_Handler)
    White_LED_OFF                            0x08002051   Thumb Code    18  led.o(.text.White_LED_OFF)
    White_LED_ON                             0x08002065   Thumb Code    18  led.o(.text.White_LED_ON)
    Yellow_LED_OFF                           0x08002079   Thumb Code    18  led.o(.text.Yellow_LED_OFF)
    Yellow_LED_ON                            0x0800208d   Thumb Code    18  led.o(.text.Yellow_LED_ON)
    act_get_dec_bit                          0x080021b9   Thumb Code    14  nnom_activation.o(.text.act_get_dec_bit)
    act_relu                                 0x080021c9   Thumb Code    32  nnom_activation.o(.text.act_relu)
    block_mem_set                            0x08002271   Thumb Code    38  nnom.o(.text.block_mem_set)
    check_model_version                      0x08002299   Thumb Code    84  nnom.o(.text.check_model_version)
    compile_layers                           0x08002349   Thumb Code   554  nnom.o(.text.compile_layers)
    conv2d_build                             0x08002575   Thumb Code   236  nnom_conv2d.o(.text.conv2d_build)
    conv2d_free                              0x08002661   Thumb Code    28  nnom_conv2d.o(.text.conv2d_free)
    conv2d_run                               0x0800267d   Thumb Code   296  nnom_conv2d.o(.text.conv2d_run)
    conv2d_s                                 0x080027a5   Thumb Code   322  nnom_conv2d.o(.text.conv2d_s)
    conv_output_length                       0x080028e9   Thumb Code    34  nnom_conv2d.o(.text.conv_output_length)
    default_build                            0x0800290d   Thumb Code    70  nnom_baselayer.o(.text.default_build)
    delete_tensor                            0x08002955   Thumb Code    18  nnom_tensor.o(.text.delete_tensor)
    dense_build                              0x08002969   Thumb Code   202  nnom_dense.o(.text.dense_build)
    dense_free                               0x08002a35   Thumb Code    28  nnom_dense.o(.text.dense_free)
    dense_run                                0x08002a51   Thumb Code    90  nnom_dense.o(.text.dense_run)
    dense_s                                  0x08002aad   Thumb Code   128  nnom_dense.o(.text.dense_s)
    dilation                                 0x08002b2d   Thumb Code    10  nnom_layers.o(.text.dilation)
    dmp_enable_6x_lp_quat                    0x08002b39   Thumb Code    42  inv_mpu_dmp_motion_driver.o(.text.dmp_enable_6x_lp_quat)
    dmp_enable_feature                       0x08002b65   Thumb Code   470  inv_mpu_dmp_motion_driver.o(.text.dmp_enable_feature)
    dmp_enable_gyro_cal                      0x08002d3d   Thumb Code    74  inv_mpu_dmp_motion_driver.o(.text.dmp_enable_gyro_cal)
    dmp_enable_lp_quat                       0x08002d89   Thumb Code    42  inv_mpu_dmp_motion_driver.o(.text.dmp_enable_lp_quat)
    dmp_load_motion_driver_firmware          0x08002db5   Thumb Code    26  inv_mpu_dmp_motion_driver.o(.text.dmp_load_motion_driver_firmware)
    dmp_set_accel_bias                       0x08002dd1   Thumb Code   190  inv_mpu_dmp_motion_driver.o(.text.dmp_set_accel_bias)
    dmp_set_fifo_rate                        0x08002e91   Thumb Code   108  inv_mpu_dmp_motion_driver.o(.text.dmp_set_fifo_rate)
    dmp_set_gyro_bias                        0x08002efd   Thumb Code   196  inv_mpu_dmp_motion_driver.o(.text.dmp_set_gyro_bias)
    dmp_set_orientation                      0x08002fc1   Thumb Code   272  inv_mpu_dmp_motion_driver.o(.text.dmp_set_orientation)
    dmp_set_shake_reject_thresh              0x080030d1   Thumb Code    44  inv_mpu_dmp_motion_driver.o(.text.dmp_set_shake_reject_thresh)
    dmp_set_shake_reject_time                0x080030fd   Thumb Code    42  inv_mpu_dmp_motion_driver.o(.text.dmp_set_shake_reject_time)
    dmp_set_shake_reject_timeout             0x08003129   Thumb Code    42  inv_mpu_dmp_motion_driver.o(.text.dmp_set_shake_reject_timeout)
    dmp_set_tap_axes                         0x08003155   Thumb Code    62  inv_mpu_dmp_motion_driver.o(.text.dmp_set_tap_axes)
    dmp_set_tap_count                        0x08003195   Thumb Code    40  inv_mpu_dmp_motion_driver.o(.text.dmp_set_tap_count)
    dmp_set_tap_thresh                       0x080031bd   Thumb Code   290  inv_mpu_dmp_motion_driver.o(.text.dmp_set_tap_thresh)
    dmp_set_tap_time                         0x080032e1   Thumb Code    42  inv_mpu_dmp_motion_driver.o(.text.dmp_set_tap_time)
    dmp_set_tap_time_multi                   0x0800330d   Thumb Code    42  inv_mpu_dmp_motion_driver.o(.text.dmp_set_tap_time_multi)
    flatten_build                            0x08003359   Thumb Code    82  nnom_flatten.o(.text.flatten_build)
    flatten_run                              0x080033ad   Thumb Code     4  nnom_flatten.o(.text.flatten_run)
    flatten_s                                0x080033b1   Thumb Code    16  nnom_flatten.o(.text.flatten_s)
    fputc                                    0x080033c1   Thumb Code    14  usart1.o(.text.fputc)
    input_build                              0x08003901   Thumb Code    40  nnom_input.o(.text.input_build)
    input_run                                0x08003929   Thumb Code    30  nnom_input.o(.text.input_run)
    input_s                                  0x08003949   Thumb Code   212  nnom_input.o(.text.input_s)
    io_init                                  0x08003a1d   Thumb Code     8  nnom_layers.o(.text.io_init)
    kernel                                   0x08003a45   Thumb Code    10  nnom_layers.o(.text.kernel)
    layer_run                                0x08003a51   Thumb Code    44  nnom.o(.text.layer_run)
    local_convolve_HWC_q15_nonsquare         0x08003aa9   Thumb Code   602  nnom_local_q15.o(.text.local_convolve_HWC_q15_nonsquare)
    local_convolve_HWC_q7_nonsquare          0x08003d05   Thumb Code   544  nnom_local.o(.text.local_convolve_HWC_q7_nonsquare)
    local_fully_connected_q7_opt             0x08003f25   Thumb Code   590  nnom_local.o(.text.local_fully_connected_q7_opt)
    local_maxpool_q7_HWC                     0x08004175   Thumb Code   262  nnom_local.o(.text.local_maxpool_q7_HWC)
    local_relu_q15                           0x0800427d   Thumb Code    30  nnom_local_q15.o(.text.local_relu_q15)
    local_relu_q7                            0x0800429d   Thumb Code    30  nnom_local.o(.text.local_relu_q7)
    local_softmax_q7                         0x080042bd   Thumb Code   168  nnom_local.o(.text.local_softmax_q7)
    main                                     0x08004365   Thumb Code   168  main.o(.text.main)
    maxpool_build                            0x08004485   Thumb Code   154  nnom_maxpool.o(.text.maxpool_build)
    maxpool_run                              0x08004521   Thumb Code   108  nnom_maxpool.o(.text.maxpool_run)
    maxpool_s                                0x0800458d   Thumb Code   116  nnom_maxpool.o(.text.maxpool_s)
    mem_analysis_result                      0x08004601   Thumb Code    60  nnom.o(.text.mem_analysis_result)
    model_compile                            0x080046d1   Thumb Code   288  nnom.o(.text.model_compile)
    model_run                                0x080048f5   Thumb Code    10  nnom.o(.text.model_run)
    model_run_to                             0x08004901   Thumb Code   148  nnom.o(.text.model_run_to)
    mpu_configure_fifo                       0x08004a31   Thumb Code    86  inv_mpu.o(.text.mpu_configure_fifo)
    mpu_get_accel_fsr                        0x08004a89   Thumb Code    56  inv_mpu.o(.text.mpu_get_accel_fsr)
    mpu_get_accel_sens                       0x08004ac1   Thumb Code    74  inv_mpu.o(.text.mpu_get_accel_sens)
    mpu_get_fifo_config                      0x08004b0d   Thumb Code    18  inv_mpu.o(.text.mpu_get_fifo_config)
    mpu_get_gyro_fsr                         0x08004b21   Thumb Code    52  inv_mpu.o(.text.mpu_get_gyro_fsr)
    mpu_get_gyro_sens                        0x08004b55   Thumb Code    66  inv_mpu.o(.text.mpu_get_gyro_sens)
    mpu_get_lpf                              0x08004b99   Thumb Code    58  inv_mpu.o(.text.mpu_get_lpf)
    mpu_get_sample_rate                      0x08004bd5   Thumb Code    30  inv_mpu.o(.text.mpu_get_sample_rate)
    mpu_init                                 0x08004bf5   Thumb Code   212  inv_mpu.o(.text.mpu_init)
    mpu_load_firmware                        0x08004cc9   Thumb Code   198  inv_mpu.o(.text.mpu_load_firmware)
    mpu_lp_accel_mode                        0x08004d91   Thumb Code   202  inv_mpu.o(.text.mpu_lp_accel_mode)
    mpu_read_mem                             0x08004e5d   Thumb Code   100  inv_mpu.o(.text.mpu_read_mem)
    mpu_reset_fifo                           0x08004ec1   Thumb Code   384  inv_mpu.o(.text.mpu_reset_fifo)
    mpu_run_self_test                        0x08005041   Thumb Code   264  inv_mpu.o(.text.mpu_run_self_test)
    mpu_set_accel_fsr                        0x08005149   Thumb Code   120  inv_mpu.o(.text.mpu_set_accel_fsr)
    mpu_set_bypass                           0x080051c1   Thumb Code   234  inv_mpu.o(.text.mpu_set_bypass)
    mpu_set_dmp_state                        0x080052ad   Thumb Code   140  inv_mpu.o(.text.mpu_set_dmp_state)
    mpu_set_gyro_fsr                         0x08005339   Thumb Code   128  inv_mpu.o(.text.mpu_set_gyro_fsr)
    mpu_set_int_latched                      0x080053b9   Thumb Code   102  inv_mpu.o(.text.mpu_set_int_latched)
    mpu_set_lpf                              0x08005421   Thumb Code   110  inv_mpu.o(.text.mpu_set_lpf)
    mpu_set_sample_rate                      0x08005491   Thumb Code   138  inv_mpu.o(.text.mpu_set_sample_rate)
    mpu_set_sensors                          0x0800551d   Thumb Code   188  inv_mpu.o(.text.mpu_set_sensors)
    mpu_write_mem                            0x080055d9   Thumb Code   100  inv_mpu.o(.text.mpu_write_mem)
    new_model                                0x0800563d   Thumb Code    84  nnom.o(.text.new_model)
    new_tensor                               0x08005691   Thumb Code   116  nnom_tensor.o(.text.new_tensor)
    nnom_alignto                             0x08005729   Thumb Code    18  nnom.o(.text.nnom_alignto)
    nnom_free                                0x0800573d   Thumb Code     2  nnom.o(.text.nnom_free)
    nnom_hook_length                         0x08005741   Thumb Code    22  nnom.o(.text.nnom_hook_length)
    nnom_malloc                              0x08005759   Thumb Code    88  nnom.o(.text.nnom_malloc)
    nnom_mem                                 0x080057b1   Thumb Code    44  nnom.o(.text.nnom_mem)
    nnom_set_static_buf                      0x080058b5   Thumb Code    34  nnom.o(.text.nnom_set_static_buf)
    output_run                               0x080058d9   Thumb Code    32  nnom_output.o(.text.output_run)
    output_s                                 0x080058f9   Thumb Code    50  nnom_output.o(.text.output_s)
    set_tailed_activation                    0x08005c69   Thumb Code    44  nnom.o(.text.set_tailed_activation)
    shape                                    0x08005ca9   Thumb Code     8  nnom_layers.o(.text.shape)
    softmax_build                            0x08005cb1   Thumb Code    54  nnom_softmax.o(.text.softmax_build)
    softmax_run                              0x08005ce9   Thumb Code    36  nnom_softmax.o(.text.softmax_run)
    softmax_s                                0x08005d0d   Thumb Code    16  nnom_softmax.o(.text.softmax_s)
    stride                                   0x08005d1d   Thumb Code    10  nnom_layers.o(.text.stride)
    tensor_cpy_attr                          0x08005d29   Thumb Code    86  nnom_tensor.o(.text.tensor_cpy_attr)
    tensor_get_num_channel                   0x08005d81   Thumb Code    14  nnom_tensor.o(.text.tensor_get_num_channel)
    tensor_mem_set                           0x08005d91   Thumb Code    52  nnom.o(.text.tensor_mem_set)
    tensor_set_attr                          0x08005dc5   Thumb Code    74  nnom_tensor.o(.text.tensor_set_attr)
    tensor_set_attr_v                        0x08005e11   Thumb Code    42  nnom_tensor.o(.text.tensor_set_attr_v)
    tensor_size                              0x08005e3d   Thumb Code    52  nnom_tensor.o(.text.tensor_size)
    __0printf                                0x08005e71   Thumb Code    22  printfa.o(i.__0printf)
    __1printf                                0x08005e71   Thumb Code     0  printfa.o(i.__0printf)
    __2printf                                0x08005e71   Thumb Code     0  printfa.o(i.__0printf)
    __c89printf                              0x08005e71   Thumb Code     0  printfa.o(i.__0printf)
    printf                                   0x08005e71   Thumb Code     0  printfa.o(i.__0printf)
    __scatterload_copy                       0x08005e91   Thumb Code    14  handlers.o(i.__scatterload_copy)
    __scatterload_null                       0x08005e9f   Thumb Code     2  handlers.o(i.__scatterload_null)
    __scatterload_zeroinit                   0x08005ea1   Thumb Code    14  handlers.o(i.__scatterload_zeroinit)
    putchar                                  0x08006765   Thumb Code     6  putchar.o(i.putchar)
    puts                                     0x08006771   Thumb Code    30  puts.o(i.puts)
    round                                    0x08006795   Thumb Code   136  round.o(i.round)
    conv1d_1_bias_shift                      0x08006844   Data           4  model.o(.rodata.conv1d_1_bias_shift)
    conv1d_1_config                          0x08006848   Data          40  model.o(.rodata.conv1d_1_config)
    conv1d_1_output_shift                    0x08006870   Data           4  model.o(.rodata.conv1d_1_output_shift)
    conv1d_bias_shift                        0x08006874   Data           4  model.o(.rodata.conv1d_bias_shift)
    conv1d_config                            0x08006878   Data          40  model.o(.rodata.conv1d_config)
    conv1d_output_shift                      0x080068a0   Data           4  model.o(.rodata.conv1d_output_shift)
    default_activation_names                 0x080068a4   Data          64  nnom.o(.rodata.default_activation_names)
    default_cell_names                       0x080068e4   Data          32  nnom.o(.rodata.default_cell_names)
    default_layer_names                      0x08006904   Data         396  nnom.o(.rodata.default_layer_names)
    dense_bias_shift                         0x08006a90   Data           4  model.o(.rodata.dense_bias_shift)
    dense_config                             0x08006a94   Data          24  model.o(.rodata.dense_config)
    dense_output_shift                       0x08006aac   Data           4  model.o(.rodata.dense_output_shift)
    flatten_config                           0x080076a8   Data           4  model.o(.rodata.flatten_config)
    hw                                       0x080076ac   Data          12  inv_mpu.o(.rodata.hw)
    input_1_config                           0x080076b8   Data           8  model.o(.rodata.input_1_config)
    max_pooling1d_config                     0x080076c0   Data          16  model.o(.rodata.max_pooling1d_config)
    output0_config                           0x080076d0   Data           8  model.o(.rodata.output0_config)
    reg                                      0x080076d8   Data          30  inv_mpu.o(.rodata.reg)
    softmax_config                           0x080076f8   Data           4  model.o(.rodata.softmax_config)
    tensor_conv1d_1_bias_0                   0x08007a64   Data          20  model.o(.rodata.tensor_conv1d_1_bias_0)
    tensor_conv1d_1_bias_0_data              0x08007a78   Data          15  model.o(.rodata.tensor_conv1d_1_bias_0_data)
    tensor_conv1d_1_bias_0_dec               0x08007a88   Data           4  model.o(.rodata.tensor_conv1d_1_bias_0_dec)
    tensor_conv1d_1_bias_0_dim               0x08007a8c   Data           2  model.o(.rodata.tensor_conv1d_1_bias_0_dim)
    tensor_conv1d_1_bias_0_offset            0x08007a90   Data           4  model.o(.rodata.tensor_conv1d_1_bias_0_offset)
    tensor_conv1d_1_kernel_0                 0x08007a94   Data          20  model.o(.rodata.tensor_conv1d_1_kernel_0)
    tensor_conv1d_1_kernel_0_data            0x08007aa8   Data        1350  model.o(.rodata.tensor_conv1d_1_kernel_0_data)
    tensor_conv1d_1_kernel_0_dec             0x08007ff0   Data           4  model.o(.rodata.tensor_conv1d_1_kernel_0_dec)
    tensor_conv1d_1_kernel_0_dim             0x08007ff4   Data           6  model.o(.rodata.tensor_conv1d_1_kernel_0_dim)
    tensor_conv1d_1_kernel_0_offset          0x08007ffc   Data           4  model.o(.rodata.tensor_conv1d_1_kernel_0_offset)
    tensor_conv1d_bias_0                     0x08008000   Data          20  model.o(.rodata.tensor_conv1d_bias_0)
    tensor_conv1d_bias_0_data                0x08008014   Data          30  model.o(.rodata.tensor_conv1d_bias_0_data)
    tensor_conv1d_bias_0_dec                 0x08008034   Data           4  model.o(.rodata.tensor_conv1d_bias_0_dec)
    tensor_conv1d_bias_0_dim                 0x08008038   Data           2  model.o(.rodata.tensor_conv1d_bias_0_dim)
    tensor_conv1d_bias_0_offset              0x0800803c   Data           4  model.o(.rodata.tensor_conv1d_bias_0_offset)
    tensor_conv1d_kernel_0                   0x08008040   Data          20  model.o(.rodata.tensor_conv1d_kernel_0)
    tensor_conv1d_kernel_0_data              0x08008054   Data         270  model.o(.rodata.tensor_conv1d_kernel_0_data)
    tensor_conv1d_kernel_0_dec               0x08008164   Data           4  model.o(.rodata.tensor_conv1d_kernel_0_dec)
    tensor_conv1d_kernel_0_dim               0x08008168   Data           6  model.o(.rodata.tensor_conv1d_kernel_0_dim)
    tensor_conv1d_kernel_0_offset            0x08008170   Data           4  model.o(.rodata.tensor_conv1d_kernel_0_offset)
    tensor_dense_bias_0                      0x08008174   Data          20  model.o(.rodata.tensor_dense_bias_0)
    tensor_dense_bias_0_data                 0x08008188   Data          13  model.o(.rodata.tensor_dense_bias_0_data)
    tensor_dense_bias_0_dec                  0x08008198   Data           4  model.o(.rodata.tensor_dense_bias_0_dec)
    tensor_dense_bias_0_dim                  0x0800819c   Data           2  model.o(.rodata.tensor_dense_bias_0_dim)
    tensor_dense_bias_0_offset               0x080081a0   Data           4  model.o(.rodata.tensor_dense_bias_0_offset)
    tensor_dense_kernel_0                    0x080081a4   Data          20  model.o(.rodata.tensor_dense_kernel_0)
    tensor_dense_kernel_0_data               0x080081b8   Data         975  model.o(.rodata.tensor_dense_kernel_0_data)
    tensor_dense_kernel_0_dec                0x08008588   Data           4  model.o(.rodata.tensor_dense_kernel_0_dec)
    tensor_dense_kernel_0_dim                0x0800858c   Data           4  model.o(.rodata.tensor_dense_kernel_0_dim)
    tensor_dense_kernel_0_offset             0x08008590   Data           4  model.o(.rodata.tensor_dense_kernel_0_offset)
    tensor_input_1                           0x08008594   Data          20  model.o(.rodata.tensor_input_1)
    tensor_input_1_dec                       0x080085a8   Data           4  model.o(.rodata.tensor_input_1_dec)
    tensor_input_1_dim                       0x080085ac   Data           4  model.o(.rodata.tensor_input_1_dim)
    tensor_input_1_offset                    0x080085b0   Data           4  model.o(.rodata.tensor_input_1_offset)
    tensor_output0                           0x080085b4   Data          20  model.o(.rodata.tensor_output0)
    tensor_output0_dec                       0x080085c8   Data           4  model.o(.rodata.tensor_output0_dec)
    tensor_output0_dim                       0x080085cc   Data           2  model.o(.rodata.tensor_output0_dim)
    tensor_output0_offset                    0x080085d0   Data           4  model.o(.rodata.tensor_output0_offset)
    test                                     0x080085d4   Data          40  inv_mpu.o(.rodata.test)
    Region$$Table$$Base                      0x080085fc   Number         0  anon$$obj.o(Region$$Table)
    Region$$Table$$Limit                     0x0800861c   Number         0  anon$$obj.o(Region$$Table)
    __stdout                                 0x20000000   Data           4  stdout.o(.data)
    Cyberry_Potter_Status                    0x20000004   Data           5  cybermagicwand.o(.data.Cyberry_Potter_Status)
    KeyCfg                                   0x2000000a   Data           6  keystatemachine.o(.data.KeyCfg)
    model_output                             0x20000019   Data           1  main.o(.data.model_output)
    IMU_Data_mAcc                            0x2000004c   Data        1800  imu.o(.bss.IMU_Data_mAcc)
    IMU_Data_mGyro                           0x20000754   Data        1800  imu.o(.bss.IMU_Data_mGyro)
    IMU_bias                                 0x20000e5c   Data          12  imu.o(.bss.IMU_bias)
    USART1_RxData                            0x20000e68   Data           1  usart1.o(.bss.USART1_RxData)
    USART1_RxFlag                            0x20000e69   Data           1  usart1.o(.bss.USART1_RxFlag)
    model                                    0x20000e78   Data           4  model.o(.bss.model)
    nnom_memory_taken                        0x20001040   Data           4  nnom.o(.bss.nnom_memory_taken)
    static_buf                               0x200010e8   Data        8192  model.o(.bss.static_buf)
    __initial_sp                             0x200034e8   Data           0  startup_stm32f10x_md.o(STACK)



==============================================================================

Memory Map of the image

  Image Entry point : 0x080000ed

  Load Region LR_IROM1 (Base: 0x08000000, Size: 0x00008668, Max: 0x00010000, ABSOLUTE)

    Execution Region ER_IROM1 (Exec base: 0x08000000, Load base: 0x08000000, Size: 0x0000861c, Max: 0x00010000, ABSOLUTE)

    Exec Addr    Load Addr    Size         Type   Attr      Idx    E Section Name        Object

    0x08000000   0x08000000   0x000000ec   Data   RO           21    RESET               startup_stm32f10x_md.o
    0x080000ec   0x080000ec   0x00000000   Code   RO         2530  * .ARM.Collect$$$$00000000  mc_w.l(entry.o)
    0x080000ec   0x080000ec   0x00000004   Code   RO         2872    .ARM.Collect$$$$00000001  mc_w.l(entry2.o)
    0x080000f0   0x080000f0   0x00000004   Code   RO         2875    .ARM.Collect$$$$00000004  mc_w.l(entry5.o)
    0x080000f4   0x080000f4   0x00000000   Code   RO         2877    .ARM.Collect$$$$00000008  mc_w.l(entry7b.o)
    0x080000f4   0x080000f4   0x00000000   Code   RO         2879    .ARM.Collect$$$$0000000A  mc_w.l(entry8b.o)
    0x080000f4   0x080000f4   0x00000008   Code   RO         2880    .ARM.Collect$$$$0000000B  mc_w.l(entry9a.o)
    0x080000fc   0x080000fc   0x00000000   Code   RO         2882    .ARM.Collect$$$$0000000D  mc_w.l(entry10a.o)
    0x080000fc   0x080000fc   0x00000000   Code   RO         2884    .ARM.Collect$$$$0000000F  mc_w.l(entry11a.o)
    0x080000fc   0x080000fc   0x00000004   Code   RO         2873    .ARM.Collect$$$$00002712  mc_w.l(entry2.o)
    0x08000100   0x08000100   0x00000024   Code   RO           22    .text               startup_stm32f10x_md.o
    0x08000124   0x08000124   0x00000062   Code   RO         2539    .text               mc_w.l(uldiv.o)
    0x08000186   0x08000186   0x00000062   Code   RO         2541    .text               mc_w.l(ldiv.o)
    0x080001e8   0x080001e8   0x00000024   Code   RO         2543    .text               mc_w.l(memcpya.o)
    0x0800020c   0x0800020c   0x00000024   Code   RO         2545    .text               mc_w.l(memseta.o)
    0x08000230   0x08000230   0x0000001a   Code   RO         2547    .text               mc_w.l(memcmp.o)
    0x0800024a   0x0800024a   0x000000b0   Code   RO         2812    .text               mf_w.l(fadd.o)
    0x080002fa   0x080002fa   0x00000064   Code   RO         2814    .text               mf_w.l(fmul.o)
    0x0800035e   0x0800035e   0x0000007c   Code   RO         2816    .text               mf_w.l(fdiv.o)
    0x080003da   0x080003da   0x000000e4   Code   RO         2818    .text               mf_w.l(dmul.o)
    0x080004be   0x080004be   0x000000de   Code   RO         2820    .text               mf_w.l(ddiv.o)
    0x0800059c   0x0800059c   0x0000001c   Code   RO         2822    .text               mf_w.l(fcmple.o)
    0x080005b8   0x080005b8   0x0000001c   Code   RO         2824    .text               mf_w.l(fcmplt.o)
    0x080005d4   0x080005d4   0x0000001c   Code   RO         2828    .text               mf_w.l(fcmpeq.o)
    0x080005f0   0x080005f0   0x00000012   Code   RO         2830    .text               mf_w.l(fflti.o)
    0x08000602   0x08000602   0x0000000a   Code   RO         2832    .text               mf_w.l(ffltui.o)
    0x0800060c   0x0800060c   0x00000022   Code   RO         2834    .text               mf_w.l(dflti.o)
    0x0800062e   0x0800062e   0x00000032   Code   RO         2836    .text               mf_w.l(ffixi.o)
    0x08000660   0x08000660   0x0000003e   Code   RO         2838    .text               mf_w.l(dfixi.o)
    0x0800069e   0x0800069e   0x00000026   Code   RO         2840    .text               mf_w.l(f2d.o)
    0x080006c4   0x080006c4   0x00000038   Code   RO         2842    .text               mf_w.l(d2f.o)
    0x080006fc   0x080006fc   0x0000002c   Code   RO         2896    .text               mc_w.l(uidiv.o)
    0x08000728   0x08000728   0x0000001e   Code   RO         2898    .text               mc_w.l(llshl.o)
    0x08000746   0x08000746   0x00000020   Code   RO         2900    .text               mc_w.l(llushr.o)
    0x08000766   0x08000766   0x00000000   Code   RO         2909    .text               mc_w.l(iusefp.o)
    0x08000766   0x08000766   0x0000006e   Code   RO         2910    .text               mf_w.l(fepilogue.o)
    0x080007d4   0x080007d4   0x000000ba   Code   RO         2912    .text               mf_w.l(depilogue.o)
    0x0800088e   0x0800088e   0x0000014e   Code   RO         2914    .text               mf_w.l(dadd.o)
    0x080009dc   0x080009dc   0x00000088   Code   RO         2918    .text               mf_w.l(drnd.o)
    0x08000a64   0x08000a64   0x00000030   Code   RO         2920    .text               mf_w.l(dfixul.o)
    0x08000a94   0x08000a94   0x00000030   Code   RO         2922    .text               mf_w.l(cdcmple.o)
    0x08000ac4   0x08000ac4   0x00000030   Code   RO         2924    .text               mf_w.l(cdrcmple.o)
    0x08000af4   0x08000af4   0x00000024   Code   RO         2926    .text               mc_w.l(init.o)
    0x08000b18   0x08000b18   0x00000024   Code   RO         2928    .text               mc_w.l(llsshr.o)
    0x08000b3c   0x08000b3c   0x00000002   Code   RO         1284    .text.BusFault_Handler  stm32f10x_it.o
    0x08000b3e   0x08000b3e   0x00000002   PAD
    0x08000b40   0x08000b40   0x00000068   Code   RO         1303    .text.Cyberry_Potter_System_Status_Update  cybermagicwand.o
    0x08000ba8   0x08000ba8   0x0000002a   Code   RO         1439    .text.DMP_OrientationMatrix_2Scalar  mpu6050.o
    0x08000bd2   0x08000bd2   0x00000002   PAD
    0x08000bd4   0x08000bd4   0x00000054   Code   RO         1433    .text.DMP_Read      mpu6050.o
    0x08000c28   0x08000c28   0x0000003a   Code   RO         1449    .text.DMP_Row2Scale  mpu6050.o
    0x08000c62   0x08000c62   0x00000002   PAD
    0x08000c64   0x08000c64   0x00000086   Code   RO         1441    .text.DMP_SelfTest  mpu6050.o
    0x08000cea   0x08000cea   0x00000002   PAD
    0x08000cec   0x08000cec   0x0000003a   Code   RO         1431    .text.DMP_Write     mpu6050.o
    0x08000d26   0x08000d26   0x00000002   PAD
    0x08000d28   0x08000d28   0x00000048   Code   RO         1259    .text.Deal_Model_Output_Function  main.o
    0x08000d70   0x08000d70   0x00000002   Code   RO         1290    .text.DebugMon_Handler  stm32f10x_it.o
    0x08000d72   0x08000d72   0x00000002   PAD
    0x08000d74   0x08000d74   0x0000001c   Code   RO         1173    .text.Delay_ms      delay.o
    0x08000d90   0x08000d90   0x00000024   Code   RO         1171    .text.Delay_us      delay.o
    0x08000db4   0x08000db4   0x00000044   Code   RO         1265    .text.EXTI9_5_IRQHandler  main.o
    0x08000df8   0x08000df8   0x0000000c   Code   RO          363    .text.EXTI_ClearITPendingBit  stm32f10x_exti.o
    0x08000e04   0x08000e04   0x0000001e   Code   RO          361    .text.EXTI_GetITStatus  stm32f10x_exti.o
    0x08000e22   0x08000e22   0x00000002   PAD
    0x08000e24   0x08000e24   0x00000068   Code   RO          351    .text.EXTI_Init     stm32f10x_exti.o
    0x08000e8c   0x08000e8c   0x00000018   Code   RO          377    .text.FLASH_PrefetchBufferCmd  stm32f10x_flash.o
    0x08000ea4   0x08000ea4   0x00000014   Code   RO          373    .text.FLASH_SetLatency  stm32f10x_flash.o
    0x08000eb8   0x08000eb8   0x00000054   Code   RO         2254    .text.Flatten       nnom_flatten.o
    0x08000f0c   0x08000f0c   0x0000002e   Code   RO          515    .text.GPIO_EXTILineConfig  stm32f10x_gpio.o
    0x08000f3a   0x08000f3a   0x00000002   PAD
    0x08000f3c   0x08000f3c   0x000000b0   Code   RO          487    .text.GPIO_Init     stm32f10x_gpio.o
    0x08000fec   0x08000fec   0x0000000a   Code   RO          491    .text.GPIO_ReadInputDataBit  stm32f10x_gpio.o
    0x08000ff6   0x08000ff6   0x00000002   PAD
    0x08000ff8   0x08000ff8   0x00000004   Code   RO          501    .text.GPIO_ResetBits  stm32f10x_gpio.o
    0x08000ffc   0x08000ffc   0x00000004   Code   RO          499    .text.GPIO_SetBits  stm32f10x_gpio.o
    0x08001000   0x08001000   0x0000000c   Code   RO          503    .text.GPIO_WriteBit  stm32f10x_gpio.o
    0x0800100c   0x0800100c   0x00000012   Code   RO         1396    .text.Green_LED_OFF  led.o
    0x0800101e   0x0800101e   0x00000002   PAD
    0x08001020   0x08001020   0x00000012   Code   RO         1406    .text.Green_LED_ON  led.o
    0x08001032   0x08001032   0x00000002   PAD
    0x08001034   0x08001034   0x00000002   Code   RO         1280    .text.HardFault_Handler  stm32f10x_it.o
    0x08001036   0x08001036   0x00000002   PAD
    0x08001038   0x08001038   0x00000032   Code   RO         1203    .text.I2C_Software_Init  i2csoftware.o
    0x0800106a   0x0800106a   0x00000002   PAD
    0x0800106c   0x0800106c   0x0000001e   Code   RO         1197    .text.I2C_Software_ReceiveAck  i2csoftware.o
    0x0800108a   0x0800108a   0x00000002   PAD
    0x0800108c   0x0800108c   0x00000036   Code   RO         1199    .text.I2C_Software_ReceiveByte  i2csoftware.o
    0x080010c2   0x080010c2   0x00000002   PAD
    0x080010c4   0x080010c4   0x00000014   Code   RO         1201    .text.I2C_Software_SendAck  i2csoftware.o
    0x080010d8   0x080010d8   0x0000002a   Code   RO         1195    .text.I2C_Software_SendData  i2csoftware.o
    0x08001102   0x08001102   0x00000002   PAD
    0x08001104   0x08001104   0x0000001c   Code   RO         1191    .text.I2C_Software_StartSignal  i2csoftware.o
    0x08001120   0x08001120   0x00000016   Code   RO         1193    .text.I2C_Software_StopSignal  i2csoftware.o
    0x08001136   0x08001136   0x00000002   PAD
    0x08001138   0x08001138   0x0000011c   Code   RO         1656    .text.IMU_GetData   imu.o
    0x08001254   0x08001254   0x00000022   Code   RO         1671    .text.KEY_GetAction  keystatemachine.o
    0x08001276   0x08001276   0x00000002   PAD
    0x08001278   0x08001278   0x000000ca   Code   RO         1677    .text.Key_GetState  keystatemachine.o
    0x08001342   0x08001342   0x00000002   PAD
    0x08001344   0x08001344   0x0000002a   Code   RO         1675    .text.Key_Init      keystatemachine.o
    0x0800136e   0x0800136e   0x00000002   PAD
    0x08001370   0x08001370   0x00000080   Code   RO         1305    .text.LED_Blink     cybermagicwand.o
    0x080013f0   0x080013f0   0x0000003a   Code   RO         1392    .text.LED_Init      led.o
    0x0800142a   0x0800142a   0x00000002   PAD
    0x0800142c   0x0800142c   0x00000012   Code   RO         1425    .text.MPU6050_INT_Disable  mpu6050.o
    0x0800143e   0x0800143e   0x00000002   PAD
    0x08001440   0x08001440   0x00000012   Code   RO         1423    .text.MPU6050_INT_Enable  mpu6050.o
    0x08001452   0x08001452   0x00000002   PAD
    0x08001454   0x08001454   0x00000066   Code   RO         1421    .text.MPU6050_INT_Init  mpu6050.o
    0x080014ba   0x080014ba   0x00000002   PAD
    0x080014bc   0x080014bc   0x0000007e   Code   RO         1435    .text.MPU6050_Init  mpu6050.o
    0x0800153a   0x0800153a   0x00000002   PAD
    0x0800153c   0x0800153c   0x000000b2   Code   RO         2382    .text.MaxPool       nnom_maxpool.o
    0x080015ee   0x080015ee   0x00000002   PAD
    0x080015f0   0x080015f0   0x00000002   Code   RO         1282    .text.MemManage_Handler  stm32f10x_it.o
    0x080015f2   0x080015f2   0x00000002   PAD
    0x080015f4   0x080015f4   0x00000084   Code   RO         1324    .text.Model_GetOutput  model.o
    0x08001678   0x08001678   0x00000086   Code   RO         1320    .text.Model_InputData  model.o
    0x080016fe   0x080016fe   0x00000002   PAD
    0x08001700   0x08001700   0x0000002a   Code   RO         1316    .text.Model_Load    model.o
    0x0800172a   0x0800172a   0x00000002   PAD
    0x0800172c   0x0800172c   0x00000012   Code   RO         1322    .text.Model_Run     model.o
    0x0800173e   0x0800173e   0x00000002   PAD
    0x08001740   0x08001740   0x00000002   Code   RO         1278    .text.NMI_Handler   stm32f10x_it.o
    0x08001742   0x08001742   0x00000002   PAD
    0x08001744   0x08001744   0x0000000c   Code   RO         1159    .text.NVIC_Configuration  sys.o
    0x08001750   0x08001750   0x0000005e   Code   RO           31    .text.NVIC_Init     misc.o
    0x080017ae   0x080017ae   0x00000002   PAD
    0x080017b0   0x080017b0   0x00000014   Code   RO           29    .text.NVIC_PriorityGroupConfig  misc.o
    0x080017c4   0x080017c4   0x00000002   Code   RO         1292    .text.PendSV_Handler  stm32f10x_it.o
    0x080017c6   0x080017c6   0x00000002   PAD
    0x080017c8   0x080017c8   0x00000018   Code   RO          693    .text.RCC_APB1PeriphClockCmd  stm32f10x_rcc.o
    0x080017e0   0x080017e0   0x00000018   Code   RO          691    .text.RCC_APB2PeriphClockCmd  stm32f10x_rcc.o
    0x080017f8   0x080017f8   0x00000066   Code   RO         1161    .text.RCC_Configuration  sys.o
    0x0800185e   0x0800185e   0x00000002   PAD
    0x08001860   0x08001860   0x00000042   Code   RO          647    .text.RCC_DeInit    stm32f10x_rcc.o
    0x080018a2   0x080018a2   0x00000002   PAD
    0x080018a4   0x080018a4   0x000000a0   Code   RO          687    .text.RCC_GetClocksFreq  stm32f10x_rcc.o
    0x08001944   0x08001944   0x0000002a   Code   RO          653    .text.RCC_GetFlagStatus  stm32f10x_rcc.o
    0x0800196e   0x0800196e   0x00000002   PAD
    0x08001970   0x08001970   0x00000010   Code   RO          665    .text.RCC_GetSYSCLKSource  stm32f10x_rcc.o
    0x08001980   0x08001980   0x00000014   Code   RO          667    .text.RCC_HCLKConfig  stm32f10x_rcc.o
    0x08001994   0x08001994   0x00000032   Code   RO          649    .text.RCC_HSEConfig  stm32f10x_rcc.o
    0x080019c6   0x080019c6   0x00000002   PAD
    0x080019c8   0x080019c8   0x00000014   Code   RO          669    .text.RCC_PCLK1Config  stm32f10x_rcc.o
    0x080019dc   0x080019dc   0x00000016   Code   RO          671    .text.RCC_PCLK2Config  stm32f10x_rcc.o
    0x080019f2   0x080019f2   0x00000002   PAD
    0x080019f4   0x080019f4   0x0000000a   Code   RO          661    .text.RCC_PLLCmd    stm32f10x_rcc.o
    0x080019fe   0x080019fe   0x00000002   PAD
    0x08001a00   0x08001a00   0x00000016   Code   RO          659    .text.RCC_PLLConfig  stm32f10x_rcc.o
    0x08001a16   0x08001a16   0x00000002   PAD
    0x08001a18   0x08001a18   0x00000014   Code   RO          663    .text.RCC_SYSCLKConfig  stm32f10x_rcc.o
    0x08001a2c   0x08001a2c   0x00000030   Code   RO          651    .text.RCC_WaitForHSEStartUp  stm32f10x_rcc.o
    0x08001a5c   0x08001a5c   0x00000012   Code   RO         1398    .text.Red_LED_OFF   led.o
    0x08001a6e   0x08001a6e   0x00000002   PAD
    0x08001a70   0x08001a70   0x00000012   Code   RO         1408    .text.Red_LED_ON    led.o
    0x08001a82   0x08001a82   0x00000002   PAD
    0x08001a84   0x08001a84   0x0000001a   Code   RO         1185    .text.SCL_Write     i2csoftware.o
    0x08001a9e   0x08001a9e   0x00000002   PAD
    0x08001aa0   0x08001aa0   0x0000001c   Code   RO         1189    .text.SDA_Read      i2csoftware.o
    0x08001abc   0x08001abc   0x0000001a   Code   RO         1187    .text.SDA_Write     i2csoftware.o
    0x08001ad6   0x08001ad6   0x00000002   PAD
    0x08001ad8   0x08001ad8   0x00000002   Code   RO         1288    .text.SVC_Handler   stm32f10x_it.o
    0x08001ada   0x08001ada   0x00000002   PAD
    0x08001adc   0x08001adc   0x00000008   Code   RO            4    .text.SetSysClock   system_stm32f10x.o
    0x08001ae4   0x08001ae4   0x000000be   Code   RO            8    .text.SetSysClockTo72  system_stm32f10x.o
    0x08001ba2   0x08001ba2   0x00000002   PAD
    0x08001ba4   0x08001ba4   0x00000050   Code   RO         2458    .text.Softmax       nnom_softmax.o
    0x08001bf4   0x08001bf4   0x00000012   Code   RO         1394    .text.State_LED_OFF  led.o
    0x08001c06   0x08001c06   0x00000002   PAD
    0x08001c08   0x08001c08   0x00000012   Code   RO         1404    .text.State_LED_ON  led.o
    0x08001c1a   0x08001c1a   0x00000002   PAD
    0x08001c1c   0x08001c1c   0x00000002   Code   RO         1294    .text.SysTick_Handler  stm32f10x_it.o
    0x08001c1e   0x08001c1e   0x00000002   PAD
    0x08001c20   0x08001c20   0x00000056   Code   RO            2    .text.SystemInit    system_stm32f10x.o
    0x08001c76   0x08001c76   0x00000002   PAD
    0x08001c78   0x08001c78   0x0000003a   Code   RO         1263    .text.TIM3_IRQHandler  main.o
    0x08001cb2   0x08001cb2   0x00000002   PAD
    0x08001cb4   0x08001cb4   0x0000005e   Code   RO         1673    .text.TIM3_Init     keystatemachine.o
    0x08001d12   0x08001d12   0x00000002   PAD
    0x08001d14   0x08001d14   0x00000006   Code   RO         1059    .text.TIM_ClearITPendingBit  stm32f10x_tim.o
    0x08001d1a   0x08001d1a   0x00000002   PAD
    0x08001d1c   0x08001d1c   0x00000012   Code   RO          921    .text.TIM_Cmd       stm32f10x_tim.o
    0x08001d2e   0x08001d2e   0x00000002   PAD
    0x08001d30   0x08001d30   0x00000014   Code   RO         1057    .text.TIM_GetITStatus  stm32f10x_tim.o
    0x08001d44   0x08001d44   0x00000010   Code   RO          925    .text.TIM_ITConfig  stm32f10x_tim.o
    0x08001d54   0x08001d54   0x000000aa   Code   RO          881    .text.TIM_TimeBaseInit  stm32f10x_tim.o
    0x08001dfe   0x08001dfe   0x00000002   PAD
    0x08001e00   0x08001e00   0x00000042   Code   RO         1245    .text.USART1_IRQHandler  usart1.o
    0x08001e42   0x08001e42   0x00000002   PAD
    0x08001e44   0x08001e44   0x0000008c   Code   RO         1227    .text.USART1_Init   usart1.o
    0x08001ed0   0x08001ed0   0x00000022   Code   RO         1225    .text.USART1_SendByte  usart1.o
    0x08001ef2   0x08001ef2   0x00000002   PAD
    0x08001ef4   0x08001ef4   0x0000000e   Code   RO         1125    .text.USART_ClearITPendingBit  stm32f10x_usart.o
    0x08001f02   0x08001f02   0x00000002   PAD
    0x08001f04   0x08001f04   0x00000014   Code   RO         1079    .text.USART_Cmd     stm32f10x_usart.o
    0x08001f18   0x08001f18   0x0000000a   Code   RO         1119    .text.USART_GetFlagStatus  stm32f10x_usart.o
    0x08001f22   0x08001f22   0x00000002   PAD
    0x08001f24   0x08001f24   0x00000030   Code   RO         1123    .text.USART_GetITStatus  stm32f10x_usart.o
    0x08001f54   0x08001f54   0x0000002e   Code   RO         1081    .text.USART_ITConfig  stm32f10x_usart.o
    0x08001f82   0x08001f82   0x00000002   PAD
    0x08001f84   0x08001f84   0x000000b6   Code   RO         1071    .text.USART_Init    stm32f10x_usart.o
    0x0800203a   0x0800203a   0x00000002   PAD
    0x0800203c   0x0800203c   0x00000008   Code   RO         1097    .text.USART_ReceiveData  stm32f10x_usart.o
    0x08002044   0x08002044   0x00000008   Code   RO         1095    .text.USART_SendData  stm32f10x_usart.o
    0x0800204c   0x0800204c   0x00000002   Code   RO         1286    .text.UsageFault_Handler  stm32f10x_it.o
    0x0800204e   0x0800204e   0x00000002   PAD
    0x08002050   0x08002050   0x00000012   Code   RO         1402    .text.White_LED_OFF  led.o
    0x08002062   0x08002062   0x00000002   PAD
    0x08002064   0x08002064   0x00000012   Code   RO         1412    .text.White_LED_ON  led.o
    0x08002076   0x08002076   0x00000002   PAD
    0x08002078   0x08002078   0x00000012   Code   RO         1400    .text.Yellow_LED_OFF  led.o
    0x0800208a   0x0800208a   0x00000002   PAD
    0x0800208c   0x0800208c   0x00000012   Code   RO         1410    .text.Yellow_LED_ON  led.o
    0x0800209e   0x0800209e   0x00000002   PAD
    0x080020a0   0x080020a0   0x00000014   Code   RO         1705    .text.__NNOM_SSAT   nnom_local.o
    0x080020b4   0x080020b4   0x0000001e   Code   RO         1789    .text.__NNOM_SSAT   nnom_local_q15.o
    0x080020d2   0x080020d2   0x00000002   PAD
    0x080020d4   0x080020d4   0x00000010   Code   RO         1735    .text.__NNOM_USAT   nnom_local.o
    0x080020e4   0x080020e4   0x00000024   Code   RO         1437    .text.__NVIC_SystemReset  mpu6050.o
    0x08002108   0x08002108   0x000000ae   Code   RO         1544    .text.accel_self_test  inv_mpu.o
    0x080021b6   0x080021b6   0x00000002   PAD
    0x080021b8   0x080021b8   0x0000000e   Code   RO         2106    .text.act_get_dec_bit  nnom_activation.o
    0x080021c6   0x080021c6   0x00000002   PAD
    0x080021c8   0x080021c8   0x00000020   Code   RO         2066    .text.act_relu      nnom_activation.o
    0x080021e8   0x080021e8   0x00000036   Code   RO         1903    .text.allocate_block  nnom.o
    0x0800221e   0x0800221e   0x00000002   PAD
    0x08002220   0x08002220   0x00000022   Code   RO         1943    .text.allocate_hook  nnom.o
    0x08002242   0x08002242   0x00000002   PAD
    0x08002244   0x08002244   0x0000002c   Code   RO         1945    .text.allocate_io   nnom.o
    0x08002270   0x08002270   0x00000026   Code   RO         1917    .text.block_mem_set  nnom.o
    0x08002296   0x08002296   0x00000002   PAD
    0x08002298   0x08002298   0x000000b0   Code   RO         1941    .text.check_model_version  nnom.o
    0x08002348   0x08002348   0x0000022a   Code   RO         1901    .text.compile_layers  nnom.o
    0x08002572   0x08002572   0x00000002   PAD
    0x08002574   0x08002574   0x000000ec   Code   RO         2168    .text.conv2d_build  nnom_conv2d.o
    0x08002660   0x08002660   0x0000001c   Code   RO         2170    .text.conv2d_free   nnom_conv2d.o
    0x0800267c   0x0800267c   0x00000128   Code   RO         2166    .text.conv2d_run    nnom_conv2d.o
    0x080027a4   0x080027a4   0x00000142   Code   RO         2164    .text.conv2d_s      nnom_conv2d.o
    0x080028e6   0x080028e6   0x00000002   PAD
    0x080028e8   0x080028e8   0x00000022   Code   RO         2174    .text.conv_output_length  nnom_conv2d.o
    0x0800290a   0x0800290a   0x00000002   PAD
    0x0800290c   0x0800290c   0x00000046   Code   RO         2138    .text.default_build  nnom_baselayer.o
    0x08002952   0x08002952   0x00000002   PAD
    0x08002954   0x08002954   0x00000012   Code   RO         1999    .text.delete_tensor  nnom_tensor.o
    0x08002966   0x08002966   0x00000002   PAD
    0x08002968   0x08002968   0x000000ca   Code   RO         2222    .text.dense_build   nnom_dense.o
    0x08002a32   0x08002a32   0x00000002   PAD
    0x08002a34   0x08002a34   0x0000001c   Code   RO         2224    .text.dense_free    nnom_dense.o
    0x08002a50   0x08002a50   0x0000005a   Code   RO         2220    .text.dense_run     nnom_dense.o
    0x08002aaa   0x08002aaa   0x00000002   PAD
    0x08002aac   0x08002aac   0x00000080   Code   RO         2218    .text.dense_s       nnom_dense.o
    0x08002b2c   0x08002b2c   0x0000000a   Code   RO         1975    .text.dilation      nnom_layers.o
    0x08002b36   0x08002b36   0x00000002   PAD
    0x08002b38   0x08002b38   0x0000002a   Code   RO         1618    .text.dmp_enable_6x_lp_quat  inv_mpu_dmp_motion_driver.o
    0x08002b62   0x08002b62   0x00000002   PAD
    0x08002b64   0x08002b64   0x000001d6   Code   RO         1612    .text.dmp_enable_feature  inv_mpu_dmp_motion_driver.o
    0x08002d3a   0x08002d3a   0x00000002   PAD
    0x08002d3c   0x08002d3c   0x0000004a   Code   RO         1614    .text.dmp_enable_gyro_cal  inv_mpu_dmp_motion_driver.o
    0x08002d86   0x08002d86   0x00000002   PAD
    0x08002d88   0x08002d88   0x0000002a   Code   RO         1616    .text.dmp_enable_lp_quat  inv_mpu_dmp_motion_driver.o
    0x08002db2   0x08002db2   0x00000002   PAD
    0x08002db4   0x08002db4   0x0000001a   Code   RO         1576    .text.dmp_load_motion_driver_firmware  inv_mpu_dmp_motion_driver.o
    0x08002dce   0x08002dce   0x00000002   PAD
    0x08002dd0   0x08002dd0   0x000000be   Code   RO         1582    .text.dmp_set_accel_bias  inv_mpu_dmp_motion_driver.o
    0x08002e8e   0x08002e8e   0x00000002   PAD
    0x08002e90   0x08002e90   0x0000006c   Code   RO         1584    .text.dmp_set_fifo_rate  inv_mpu_dmp_motion_driver.o
    0x08002efc   0x08002efc   0x000000c4   Code   RO         1580    .text.dmp_set_gyro_bias  inv_mpu_dmp_motion_driver.o
    0x08002fc0   0x08002fc0   0x00000110   Code   RO         1578    .text.dmp_set_orientation  inv_mpu_dmp_motion_driver.o
    0x080030d0   0x080030d0   0x0000002c   Code   RO         1598    .text.dmp_set_shake_reject_thresh  inv_mpu_dmp_motion_driver.o
    0x080030fc   0x080030fc   0x0000002a   Code   RO         1600    .text.dmp_set_shake_reject_time  inv_mpu_dmp_motion_driver.o
    0x08003126   0x08003126   0x00000002   PAD
    0x08003128   0x08003128   0x0000002a   Code   RO         1602    .text.dmp_set_shake_reject_timeout  inv_mpu_dmp_motion_driver.o
    0x08003152   0x08003152   0x00000002   PAD
    0x08003154   0x08003154   0x0000003e   Code   RO         1590    .text.dmp_set_tap_axes  inv_mpu_dmp_motion_driver.o
    0x08003192   0x08003192   0x00000002   PAD
    0x08003194   0x08003194   0x00000028   Code   RO         1592    .text.dmp_set_tap_count  inv_mpu_dmp_motion_driver.o
    0x080031bc   0x080031bc   0x00000122   Code   RO         1588    .text.dmp_set_tap_thresh  inv_mpu_dmp_motion_driver.o
    0x080032de   0x080032de   0x00000002   PAD
    0x080032e0   0x080032e0   0x0000002a   Code   RO         1594    .text.dmp_set_tap_time  inv_mpu_dmp_motion_driver.o
    0x0800330a   0x0800330a   0x00000002   PAD
    0x0800330c   0x0800330c   0x0000002a   Code   RO         1596    .text.dmp_set_tap_time_multi  inv_mpu_dmp_motion_driver.o
    0x08003336   0x08003336   0x00000002   PAD
    0x08003338   0x08003338   0x00000020   Code   RO         1925    .text.find_last     nnom.o
    0x08003358   0x08003358   0x00000052   Code   RO         2258    .text.flatten_build  nnom_flatten.o
    0x080033aa   0x080033aa   0x00000002   PAD
    0x080033ac   0x080033ac   0x00000004   Code   RO         2256    .text.flatten_run   nnom_flatten.o
    0x080033b0   0x080033b0   0x00000010   Code   RO         2252    .text.flatten_s     nnom_flatten.o
    0x080033c0   0x080033c0   0x0000000e   Code   RO         1223    .text.fputc         usart1.o
    0x080033ce   0x080033ce   0x00000002   PAD
    0x080033d0   0x080033d0   0x000000c4   Code   RO         1562    .text.get_accel_prod_shift  inv_mpu.o
    0x08003494   0x08003494   0x00000354   Code   RO         1542    .text.get_st_biases  inv_mpu.o
    0x080037e8   0x080037e8   0x00000118   Code   RO         1546    .text.gyro_self_test  inv_mpu.o
    0x08003900   0x08003900   0x00000028   Code   RO         2310    .text.input_build   nnom_input.o
    0x08003928   0x08003928   0x0000001e   Code   RO         2308    .text.input_run     nnom_input.o
    0x08003946   0x08003946   0x00000002   PAD
    0x08003948   0x08003948   0x000000d4   Code   RO         2306    .text.input_s       nnom_input.o
    0x08003a1c   0x08003a1c   0x00000008   Code   RO         1979    .text.io_init       nnom_layers.o
    0x08003a24   0x08003a24   0x00000020   Code   RO         1947    .text.io_mem_size   nnom.o
    0x08003a44   0x08003a44   0x0000000a   Code   RO         1971    .text.kernel        nnom_layers.o
    0x08003a4e   0x08003a4e   0x00000002   PAD
    0x08003a50   0x08003a50   0x00000040   Code   RO         1931    .text.layer_run     nnom.o
    0x08003a90   0x08003a90   0x00000016   Code   RO         1905    .text.layer_shortcut_add  nnom.o
    0x08003aa6   0x08003aa6   0x00000002   PAD
    0x08003aa8   0x08003aa8   0x0000025a   Code   RO         1797    .text.local_convolve_HWC_q15_nonsquare  nnom_local_q15.o
    0x08003d02   0x08003d02   0x00000002   PAD
    0x08003d04   0x08003d04   0x00000220   Code   RO         1703    .text.local_convolve_HWC_q7_nonsquare  nnom_local.o
    0x08003f24   0x08003f24   0x0000024e   Code   RO         1729    .text.local_fully_connected_q7_opt  nnom_local.o
    0x08004172   0x08004172   0x00000002   PAD
    0x08004174   0x08004174   0x00000106   Code   RO         1691    .text.local_maxpool_q7_HWC  nnom_local.o
    0x0800427a   0x0800427a   0x00000002   PAD
    0x0800427c   0x0800427c   0x0000001e   Code   RO         1833    .text.local_relu_q15  nnom_local_q15.o
    0x0800429a   0x0800429a   0x00000002   PAD
    0x0800429c   0x0800429c   0x0000001e   Code   RO         1745    .text.local_relu_q7  nnom_local.o
    0x080042ba   0x080042ba   0x00000002   PAD
    0x080042bc   0x080042bc   0x000000a8   Code   RO         1733    .text.local_softmax_q7  nnom_local.o
    0x08004364   0x08004364   0x00000120   Code   RO         1261    .text.main          main.o
    0x08004484   0x08004484   0x0000009a   Code   RO         2386    .text.maxpool_build  nnom_maxpool.o
    0x0800451e   0x0800451e   0x00000002   PAD
    0x08004520   0x08004520   0x0000006c   Code   RO         2384    .text.maxpool_run   nnom_maxpool.o
    0x0800458c   0x0800458c   0x00000074   Code   RO         2380    .text.maxpool_s     nnom_maxpool.o
    0x08004600   0x08004600   0x00000094   Code   RO         1915    .text.mem_analysis_result  nnom.o
    0x08004694   0x08004694   0x00000008   Code   RO         1891    .text.model_active  nnom.o
    0x0800469c   0x0800469c   0x00000034   Code   RO         1883    .text.model_add     nnom.o
    0x080046d0   0x080046d0   0x000001a8   Code   RO         1923    .text.model_compile  nnom.o
    0x08004878   0x08004878   0x0000002e   Code   RO         1885    .text.model_hook    nnom.o
    0x080048a6   0x080048a6   0x00000002   PAD
    0x080048a8   0x080048a8   0x0000000e   Code   RO         1887    .text.model_merge   nnom.o
    0x080048b6   0x080048b6   0x00000002   PAD
    0x080048b8   0x080048b8   0x0000003a   Code   RO         1889    .text.model_mergex  nnom.o
    0x080048f2   0x080048f2   0x00000002   PAD
    0x080048f4   0x080048f4   0x0000000a   Code   RO         1935    .text.model_run     nnom.o
    0x080048fe   0x080048fe   0x00000002   PAD
    0x08004900   0x08004900   0x0000010c   Code   RO         1933    .text.model_run_to  nnom.o
    0x08004a0c   0x08004a0c   0x00000022   Code   RO         1927    .text.model_set_ops  nnom.o
    0x08004a2e   0x08004a2e   0x00000002   PAD
    0x08004a30   0x08004a30   0x00000056   Code   RO         1478    .text.mpu_configure_fifo  inv_mpu.o
    0x08004a86   0x08004a86   0x00000002   PAD
    0x08004a88   0x08004a88   0x00000038   Code   RO         1510    .text.mpu_get_accel_fsr  inv_mpu.o
    0x08004ac0   0x08004ac0   0x0000004a   Code   RO         1522    .text.mpu_get_accel_sens  inv_mpu.o
    0x08004b0a   0x08004b0a   0x00000002   PAD
    0x08004b0c   0x08004b0c   0x00000012   Code   RO         1524    .text.mpu_get_fifo_config  inv_mpu.o
    0x08004b1e   0x08004b1e   0x00000002   PAD
    0x08004b20   0x08004b20   0x00000034   Code   RO         1508    .text.mpu_get_gyro_fsr  inv_mpu.o
    0x08004b54   0x08004b54   0x00000042   Code   RO         1520    .text.mpu_get_gyro_sens  inv_mpu.o
    0x08004b96   0x08004b96   0x00000002   PAD
    0x08004b98   0x08004b98   0x0000003a   Code   RO         1512    .text.mpu_get_lpf   inv_mpu.o
    0x08004bd2   0x08004bd2   0x00000002   PAD
    0x08004bd4   0x08004bd4   0x0000001e   Code   RO         1514    .text.mpu_get_sample_rate  inv_mpu.o
    0x08004bf2   0x08004bf2   0x00000002   PAD
    0x08004bf4   0x08004bf4   0x000000d4   Code   RO         1468    .text.mpu_init      inv_mpu.o
    0x08004cc8   0x08004cc8   0x000000c6   Code   RO         1552    .text.mpu_load_firmware  inv_mpu.o
    0x08004d8e   0x08004d8e   0x00000002   PAD
    0x08004d90   0x08004d90   0x000000ca   Code   RO         1484    .text.mpu_lp_accel_mode  inv_mpu.o
    0x08004e5a   0x08004e5a   0x00000002   PAD
    0x08004e5c   0x08004e5c   0x00000064   Code   RO         1550    .text.mpu_read_mem  inv_mpu.o
    0x08004ec0   0x08004ec0   0x00000180   Code   RO         1506    .text.mpu_reset_fifo  inv_mpu.o
    0x08005040   0x08005040   0x00000108   Code   RO         1538    .text.mpu_run_self_test  inv_mpu.o
    0x08005148   0x08005148   0x00000078   Code   RO         1472    .text.mpu_set_accel_fsr  inv_mpu.o
    0x080051c0   0x080051c0   0x000000ea   Code   RO         1480    .text.mpu_set_bypass  inv_mpu.o
    0x080052aa   0x080052aa   0x00000002   PAD
    0x080052ac   0x080052ac   0x0000008c   Code   RO         1540    .text.mpu_set_dmp_state  inv_mpu.o
    0x08005338   0x08005338   0x00000080   Code   RO         1470    .text.mpu_set_gyro_fsr  inv_mpu.o
    0x080053b8   0x080053b8   0x00000066   Code   RO         1486    .text.mpu_set_int_latched  inv_mpu.o
    0x0800541e   0x0800541e   0x00000002   PAD
    0x08005420   0x08005420   0x0000006e   Code   RO         1474    .text.mpu_set_lpf   inv_mpu.o
    0x0800548e   0x0800548e   0x00000002   PAD
    0x08005490   0x08005490   0x0000008a   Code   RO         1476    .text.mpu_set_sample_rate  inv_mpu.o
    0x0800551a   0x0800551a   0x00000002   PAD
    0x0800551c   0x0800551c   0x000000bc   Code   RO         1482    .text.mpu_set_sensors  inv_mpu.o
    0x080055d8   0x080055d8   0x00000064   Code   RO         1548    .text.mpu_write_mem  inv_mpu.o
    0x0800563c   0x0800563c   0x00000054   Code   RO         1881    .text.new_model     nnom.o
    0x08005690   0x08005690   0x00000098   Code   RO         1997    .text.new_tensor    nnom_tensor.o
    0x08005728   0x08005728   0x00000012   Code   RO         1873    .text.nnom_alignto  nnom.o
    0x0800573a   0x0800573a   0x00000002   PAD
    0x0800573c   0x0800573c   0x00000002   Code   RO         1875    .text.nnom_free     nnom.o
    0x0800573e   0x0800573e   0x00000002   PAD
    0x08005740   0x08005740   0x00000016   Code   RO         1899    .text.nnom_hook_length  nnom.o
    0x08005756   0x08005756   0x00000002   PAD
    0x08005758   0x08005758   0x00000058   Code   RO         1871    .text.nnom_malloc   nnom.o
    0x080057b0   0x080057b0   0x0000002c   Code   RO         1877    .text.nnom_mem      nnom.o
    0x080057dc   0x080057dc   0x000000d8   Code   RO         1318    .text.nnom_model_create  model.o
    0x080058b4   0x080058b4   0x00000022   Code   RO         1869    .text.nnom_set_static_buf  nnom.o
    0x080058d6   0x080058d6   0x00000002   PAD
    0x080058d8   0x080058d8   0x00000020   Code   RO         2398    .text.output_run    nnom_output.o
    0x080058f8   0x080058f8   0x00000032   Code   RO         2396    .text.output_s      nnom_output.o
    0x0800592a   0x0800592a   0x00000002   PAD
    0x0800592c   0x0800592c   0x00000214   Code   RO         1907    .text.print_layer_info  nnom.o
    0x08005b40   0x08005b40   0x00000058   Code   RO         1909    .text.print_memory_block_info  nnom.o
    0x08005b98   0x08005b98   0x00000016   Code   RO         1949    .text.release_block  nnom.o
    0x08005bae   0x08005bae   0x00000002   PAD
    0x08005bb0   0x08005bb0   0x00000012   Code   RO         1911    .text.release_comp_mem  nnom.o
    0x08005bc2   0x08005bc2   0x00000002   PAD
    0x08005bc4   0x08005bc4   0x0000001a   Code   RO         1913    .text.release_input_mem  nnom.o
    0x08005bde   0x08005bde   0x00000002   PAD
    0x08005be0   0x08005be0   0x0000002e   Code   RO         2088    .text.relu_run      nnom_activation.o
    0x08005c0e   0x08005c0e   0x00000002   PAD
    0x08005c10   0x08005c10   0x00000056   Code   RO         1526    .text.set_int_enable  inv_mpu.o
    0x08005c66   0x08005c66   0x00000002   PAD
    0x08005c68   0x08005c68   0x00000040   Code   RO         1921    .text.set_tailed_activation  nnom.o
    0x08005ca8   0x08005ca8   0x00000008   Code   RO         1969    .text.shape         nnom_layers.o
    0x08005cb0   0x08005cb0   0x00000036   Code   RO         2462    .text.softmax_build  nnom_softmax.o
    0x08005ce6   0x08005ce6   0x00000002   PAD
    0x08005ce8   0x08005ce8   0x00000024   Code   RO         2460    .text.softmax_run   nnom_softmax.o
    0x08005d0c   0x08005d0c   0x00000010   Code   RO         2456    .text.softmax_s     nnom_softmax.o
    0x08005d1c   0x08005d1c   0x0000000a   Code   RO         1973    .text.stride        nnom_layers.o
    0x08005d26   0x08005d26   0x00000002   PAD
    0x08005d28   0x08005d28   0x00000056   Code   RO         2005    .text.tensor_cpy_attr  nnom_tensor.o
    0x08005d7e   0x08005d7e   0x00000002   PAD
    0x08005d80   0x08005d80   0x0000000e   Code   RO         1995    .text.tensor_get_num_channel  nnom_tensor.o
    0x08005d8e   0x08005d8e   0x00000002   PAD
    0x08005d90   0x08005d90   0x00000034   Code   RO         1919    .text.tensor_mem_set  nnom.o
    0x08005dc4   0x08005dc4   0x0000004a   Code   RO         2003    .text.tensor_set_attr  nnom_tensor.o
    0x08005e0e   0x08005e0e   0x00000002   PAD
    0x08005e10   0x08005e10   0x0000002a   Code   RO         2001    .text.tensor_set_attr_v  nnom_tensor.o
    0x08005e3a   0x08005e3a   0x00000002   PAD
    0x08005e3c   0x08005e3c   0x00000034   Code   RO         1991    .text.tensor_size   nnom_tensor.o
    0x08005e70   0x08005e70   0x00000020   Code   RO         2784    i.__0printf         mc_w.l(printfa.o)
    0x08005e90   0x08005e90   0x0000000e   Code   RO         2934    i.__scatterload_copy  mc_w.l(handlers.o)
    0x08005e9e   0x08005e9e   0x00000002   Code   RO         2935    i.__scatterload_null  mc_w.l(handlers.o)
    0x08005ea0   0x08005ea0   0x0000000e   Code   RO         2936    i.__scatterload_zeroinit  mc_w.l(handlers.o)
    0x08005eae   0x08005eae   0x00000002   PAD
    0x08005eb0   0x08005eb0   0x00000184   Code   RO         2791    i._fp_digits        mc_w.l(printfa.o)
    0x08006034   0x08006034   0x000006dc   Code   RO         2792    i._printf_core      mc_w.l(printfa.o)
    0x08006710   0x08006710   0x00000024   Code   RO         2793    i._printf_post_padding  mc_w.l(printfa.o)
    0x08006734   0x08006734   0x0000002e   Code   RO         2794    i._printf_pre_padding  mc_w.l(printfa.o)
    0x08006762   0x08006762   0x00000002   PAD
    0x08006764   0x08006764   0x0000000c   Code   RO         2535    i.putchar           mc_w.l(putchar.o)
    0x08006770   0x08006770   0x00000024   Code   RO         2533    i.puts              mc_w.l(puts.o)
    0x08006794   0x08006794   0x00000094   Code   RO         2528    i.round             m_ws.l(round.o)
    0x08006828   0x08006828   0x00000003   Data   RO         1634    .rodata..L__const.dmp_set_orientation.accel_axes  inv_mpu_dmp_motion_driver.o
    0x0800682b   0x0800682b   0x00000003   Data   RO         1633    .rodata..L__const.dmp_set_orientation.gyro_axes  inv_mpu_dmp_motion_driver.o
    0x0800682e   0x0800682e   0x00000004   Data   RO          712    .rodata.ADCPrescTable  stm32f10x_rcc.o
    0x08006832   0x08006832   0x00000010   Data   RO          711    .rodata.APBAHBPrescTable  stm32f10x_rcc.o
    0x08006842   0x08006842   0x00000002   PAD
    0x08006844   0x08006844   0x00000004   Data   RO         1357    .rodata.conv1d_1_bias_shift  model.o
    0x08006848   0x08006848   0x00000028   Data   RO         1358    .rodata.conv1d_1_config  model.o
    0x08006870   0x08006870   0x00000004   Data   RO         1356    .rodata.conv1d_1_output_shift  model.o
    0x08006874   0x08006874   0x00000004   Data   RO         1344    .rodata.conv1d_bias_shift  model.o
    0x08006878   0x08006878   0x00000028   Data   RO         1345    .rodata.conv1d_config  model.o
    0x080068a0   0x080068a0   0x00000004   Data   RO         1343    .rodata.conv1d_output_shift  model.o
    0x080068a4   0x080068a4   0x00000040   Data   RO         1952    .rodata.default_activation_names  nnom.o
    0x080068e4   0x080068e4   0x00000020   Data   RO         1953    .rodata.default_cell_names  nnom.o
    0x08006904   0x08006904   0x0000018c   Data   RO         1951    .rodata.default_layer_names  nnom.o
    0x08006a90   0x08006a90   0x00000004   Data   RO         1372    .rodata.dense_bias_shift  model.o
    0x08006a94   0x08006a94   0x00000018   Data   RO         1373    .rodata.dense_config  model.o
    0x08006aac   0x08006aac   0x00000004   Data   RO         1371    .rodata.dense_output_shift  model.o
    0x08006ab0   0x08006ab0   0x00000bf6   Data   RO         1632    .rodata.dmp_memory  inv_mpu_dmp_motion_driver.o
    0x080076a6   0x080076a6   0x00000002   PAD
    0x080076a8   0x080076a8   0x00000004   Data   RO         1360    .rodata.flatten_config  model.o
    0x080076ac   0x080076ac   0x0000000c   Data   RO         1565    .rodata.hw          inv_mpu.o
    0x080076b8   0x080076b8   0x00000008   Data   RO         1332    .rodata.input_1_config  model.o
    0x080076c0   0x080076c0   0x00000010   Data   RO         1359    .rodata.max_pooling1d_config  model.o
    0x080076d0   0x080076d0   0x00000008   Data   RO         1380    .rodata.output0_config  model.o
    0x080076d8   0x080076d8   0x0000001e   Data   RO         1564    .rodata.reg         inv_mpu.o
    0x080076f6   0x080076f6   0x00000002   PAD
    0x080076f8   0x080076f8   0x00000004   Data   RO         1374    .rodata.softmax_config  model.o
    0x080076fc   0x080076fc   0x00000044   Data   RO         1331    .rodata.str1.1      model.o
    0x08007740   0x08007740   0x00000324   Data   RO         1958    .rodata.str1.1      nnom.o
    0x08007a64   0x08007a64   0x00000014   Data   RO         1355    .rodata.tensor_conv1d_1_bias_0  model.o
    0x08007a78   0x08007a78   0x0000000f   Data   RO         1351    .rodata.tensor_conv1d_1_bias_0_data  model.o
    0x08007a87   0x08007a87   0x00000001   PAD
    0x08007a88   0x08007a88   0x00000004   Data   RO         1353    .rodata.tensor_conv1d_1_bias_0_dec  model.o
    0x08007a8c   0x08007a8c   0x00000002   Data   RO         1352    .rodata.tensor_conv1d_1_bias_0_dim  model.o
    0x08007a8e   0x08007a8e   0x00000002   PAD
    0x08007a90   0x08007a90   0x00000004   Data   RO         1354    .rodata.tensor_conv1d_1_bias_0_offset  model.o
    0x08007a94   0x08007a94   0x00000014   Data   RO         1350    .rodata.tensor_conv1d_1_kernel_0  model.o
    0x08007aa8   0x08007aa8   0x00000546   Data   RO         1346    .rodata.tensor_conv1d_1_kernel_0_data  model.o
    0x08007fee   0x08007fee   0x00000002   PAD
    0x08007ff0   0x08007ff0   0x00000004   Data   RO         1348    .rodata.tensor_conv1d_1_kernel_0_dec  model.o
    0x08007ff4   0x08007ff4   0x00000006   Data   RO         1347    .rodata.tensor_conv1d_1_kernel_0_dim  model.o
    0x08007ffa   0x08007ffa   0x00000002   PAD
    0x08007ffc   0x08007ffc   0x00000004   Data   RO         1349    .rodata.tensor_conv1d_1_kernel_0_offset  model.o
    0x08008000   0x08008000   0x00000014   Data   RO         1342    .rodata.tensor_conv1d_bias_0  model.o
    0x08008014   0x08008014   0x0000001e   Data   RO         1338    .rodata.tensor_conv1d_bias_0_data  model.o
    0x08008032   0x08008032   0x00000002   PAD
    0x08008034   0x08008034   0x00000004   Data   RO         1340    .rodata.tensor_conv1d_bias_0_dec  model.o
    0x08008038   0x08008038   0x00000002   Data   RO         1339    .rodata.tensor_conv1d_bias_0_dim  model.o
    0x0800803a   0x0800803a   0x00000002   PAD
    0x0800803c   0x0800803c   0x00000004   Data   RO         1341    .rodata.tensor_conv1d_bias_0_offset  model.o
    0x08008040   0x08008040   0x00000014   Data   RO         1337    .rodata.tensor_conv1d_kernel_0  model.o
    0x08008054   0x08008054   0x0000010e   Data   RO         1333    .rodata.tensor_conv1d_kernel_0_data  model.o
    0x08008162   0x08008162   0x00000002   PAD
    0x08008164   0x08008164   0x00000004   Data   RO         1335    .rodata.tensor_conv1d_kernel_0_dec  model.o
    0x08008168   0x08008168   0x00000006   Data   RO         1334    .rodata.tensor_conv1d_kernel_0_dim  model.o
    0x0800816e   0x0800816e   0x00000002   PAD
    0x08008170   0x08008170   0x00000004   Data   RO         1336    .rodata.tensor_conv1d_kernel_0_offset  model.o
    0x08008174   0x08008174   0x00000014   Data   RO         1370    .rodata.tensor_dense_bias_0  model.o
    0x08008188   0x08008188   0x0000000d   Data   RO         1366    .rodata.tensor_dense_bias_0_data  model.o
    0x08008195   0x08008195   0x00000003   PAD
    0x08008198   0x08008198   0x00000004   Data   RO         1368    .rodata.tensor_dense_bias_0_dec  model.o
    0x0800819c   0x0800819c   0x00000002   Data   RO         1367    .rodata.tensor_dense_bias_0_dim  model.o
    0x0800819e   0x0800819e   0x00000002   PAD
    0x080081a0   0x080081a0   0x00000004   Data   RO         1369    .rodata.tensor_dense_bias_0_offset  model.o
    0x080081a4   0x080081a4   0x00000014   Data   RO         1365    .rodata.tensor_dense_kernel_0  model.o
    0x080081b8   0x080081b8   0x000003cf   Data   RO         1361    .rodata.tensor_dense_kernel_0_data  model.o
    0x08008587   0x08008587   0x00000001   PAD
    0x08008588   0x08008588   0x00000004   Data   RO         1363    .rodata.tensor_dense_kernel_0_dec  model.o
    0x0800858c   0x0800858c   0x00000004   Data   RO         1362    .rodata.tensor_dense_kernel_0_dim  model.o
    0x08008590   0x08008590   0x00000004   Data   RO         1364    .rodata.tensor_dense_kernel_0_offset  model.o
    0x08008594   0x08008594   0x00000014   Data   RO         1330    .rodata.tensor_input_1  model.o
    0x080085a8   0x080085a8   0x00000004   Data   RO         1327    .rodata.tensor_input_1_dec  model.o
    0x080085ac   0x080085ac   0x00000004   Data   RO         1326    .rodata.tensor_input_1_dim  model.o
    0x080085b0   0x080085b0   0x00000004   Data   RO         1328    .rodata.tensor_input_1_offset  model.o
    0x080085b4   0x080085b4   0x00000014   Data   RO         1379    .rodata.tensor_output0  model.o
    0x080085c8   0x080085c8   0x00000004   Data   RO         1376    .rodata.tensor_output0_dec  model.o
    0x080085cc   0x080085cc   0x00000002   Data   RO         1375    .rodata.tensor_output0_dim  model.o
    0x080085ce   0x080085ce   0x00000002   PAD
    0x080085d0   0x080085d0   0x00000004   Data   RO         1377    .rodata.tensor_output0_offset  model.o
    0x080085d4   0x080085d4   0x00000028   Data   RO         1566    .rodata.test        inv_mpu.o
    0x080085fc   0x080085fc   0x00000020   Data   RO         2933    Region$$Table       anon$$obj.o


    Execution Region RW_IRAM1 (Exec base: 0x20000000, Load base: 0x08008620, Size: 0x000034e8, Max: 0x00005000, ABSOLUTE)

    Exec Addr    Load Addr    Size         Type   Attr      Idx    E Section Name        Object

    0x20000000   0x08008620   0x00000004   Data   RW         2886    .data               mc_w.l(stdout.o)
    0x20000004   0x08008624   0x00000005   Data   RW         1307    .data.Cyberry_Potter_Status  cybermagicwand.o
    0x20000009   0x08008629   0x00000001   PAD
    0x2000000a   0x0800862a   0x00000006   Data   RW         1679    .data.KeyCfg        keystatemachine.o
    0x20000010   0x08008630   0x00000009   Data   RW         1451    .data.gyro_orientation  mpu6050.o
    0x20000019   0x08008639   0x00000001   Data   RW         1267    .data.model_output  main.o
    0x2000001a   0x0800863a   0x00000002   PAD
    0x2000001c   0x0800863c   0x0000002c   Data   RW         1567    .data.st            inv_mpu.o
    0x20000048        -       0x00000002   Zero   RW         1268    .bss.EXTI9_5_IRQHandler.i  main.o
    0x2000004a   0x08008668   0x00000002   PAD
    0x2000004c        -       0x00000708   Zero   RW         1661    .bss.IMU_Data_mAcc  imu.o
    0x20000754        -       0x00000708   Zero   RW         1662    .bss.IMU_Data_mGyro  imu.o
    0x20000e5c        -       0x0000000c   Zero   RW         1660    .bss.IMU_bias       imu.o
    0x20000e68        -       0x00000001   Zero   RW         1249    .bss.USART1_RxData  usart1.o
    0x20000e69        -       0x00000001   Zero   RW         1248    .bss.USART1_RxFlag  usart1.o
    0x20000e6a   0x08008668   0x00000002   PAD
    0x20000e6c        -       0x00000002   Zero   RW         1644    .bss.dmp.2          inv_mpu_dmp_motion_driver.o
    0x20000e6e   0x08008668   0x00000002   PAD
    0x20000e70        -       0x00000002   Zero   RW         1645    .bss.dmp.3          inv_mpu_dmp_motion_driver.o
    0x20000e72   0x08008668   0x00000002   PAD
    0x20000e74        -       0x00000002   Zero   RW         1646    .bss.dmp.4          inv_mpu_dmp_motion_driver.o
    0x20000e76        -       0x00000001   Zero   RW         1647    .bss.dmp.5          inv_mpu_dmp_motion_driver.o
    0x20000e77   0x08008668   0x00000001   PAD
    0x20000e78        -       0x00000004   Zero   RW         1381    .bss.model          model.o
    0x20000e7c        -       0x000001c2   Zero   RW         1329    .bss.nnom_input_data  model.o
    0x2000103e   0x08008668   0x00000002   PAD
    0x20001040        -       0x00000004   Zero   RW         1954    .bss.nnom_memory_taken  nnom.o
    0x20001044        -       0x00000088   Zero   RW         1383    .bss.nnom_model_create.model  model.o
    0x200010cc        -       0x0000000d   Zero   RW         1378    .bss.nnom_output_data  model.o
    0x200010d9   0x08008668   0x00000003   PAD
    0x200010dc        -       0x00000004   Zero   RW         1955    .bss.nnom_static_buf  nnom.o
    0x200010e0        -       0x00000004   Zero   RW         1957    .bss.nnom_static_buf_curr  nnom.o
    0x200010e4        -       0x00000004   Zero   RW         1956    .bss.nnom_static_buf_size  nnom.o
    0x200010e8        -       0x00002000   Zero   RW         1382    .bss.static_buf     model.o
    0x200030e8        -       0x00000400   Zero   RW           19    STACK               startup_stm32f10x_md.o


==============================================================================

Image component sizes


      Code (inc. data)   RO Data    RW Data    ZI Data      Debug   Object Name

       232         44          0          5          0       1661   cybermagicwand.o
        64          0          0          0          0       1150   delay.o
       326          0          0          0          0       4423   i2csoftware.o
       284          0          0          0       3612       1701   imu.o
      4648         26         82         44          0      22328   inv_mpu.o
      2024          8       3068          0          7       9840   inv_mpu_dmp_motion_driver.o
       372          6          0          6          0       5106   keystatemachine.o
       238          0          0          0          0       2277   led.o
       486        132          0          1          2       2800   main.o
       114          0          0          0          0       3206   misc.o
       542         24       3141          0       8795       8633   model.o
       676          0          0          9          0       8837   mpu6050.o
      3206        632       1296          0         16      18398   nnom.o
        92          0          0          0          0      10517   nnom_activation.o
        70          0          0          0          0       4468   nnom_baselayer.o
       916          0          0          0          0       7433   nnom_conv2d.o
       448          0          0          0          0       6222   nnom_dense.o
       186          0          0          0          0       4349   nnom_flatten.o
       282          0          0          0          0       5089   nnom_input.o
        46          0          0          0          0       4985   nnom_layers.o
      1630          0          0          0          0      42031   nnom_local.o
       662          0          0          0          0      43808   nnom_local_q15.o
       556          0          0          0          0       5716   nnom_maxpool.o
        82          0          0          0          0       4287   nnom_output.o
       186          0          0          0          0       4313   nnom_softmax.o
       438         36          0          0          0       6306   nnom_tensor.o
        36          8        236          0       1024        780   startup_stm32f10x_md.o
       146          0          0          0          0       2704   stm32f10x_exti.o
        44          0          0          0          0       7705   stm32f10x_flash.o
       252          0          0          0          0       5835   stm32f10x_gpio.o
        18          0          0          0          0        972   stm32f10x_it.o
       544          0         20          0          0       7721   stm32f10x_rcc.o
       230          0          0          0          0      25291   stm32f10x_tim.o
       336          0          0          0          0       8314   stm32f10x_usart.o
       114          0          0          0          0        935   sys.o
       284          0          0          0          0       2668   system_stm32f10x.o
       254          0          0          0          2       6528   usart1.o

    ----------------------------------------------------------------------
     21336        916       7904         68      13472     309337   Object Totals
         0          0         32          0          0          0   (incl. Generated)
       272          0         29          3         14          0   (incl. Padding)

    ----------------------------------------------------------------------

      Code (inc. data)   RO Data    RW Data    ZI Data      Debug   Library Member Name

       148         12          0          0          0         88   round.o
         0          0          0          0          0          0   entry.o
         0          0          0          0          0          0   entry10a.o
         0          0          0          0          0          0   entry11a.o
         8          4          0          0          0          0   entry2.o
         4          0          0          0          0          0   entry5.o
         0          0          0          0          0          0   entry7b.o
         0          0          0          0          0          0   entry8b.o
         8          4          0          0          0          0   entry9a.o
        30          0          0          0          0          0   handlers.o
        36          8          0          0          0         68   init.o
         0          0          0          0          0          0   iusefp.o
        98          0          0          0          0         84   ldiv.o
        30          0          0          0          0         68   llshl.o
        36          0          0          0          0         68   llsshr.o
        32          0          0          0          0         68   llushr.o
        26          0          0          0          0         80   memcmp.o
        36          0          0          0          0         68   memcpya.o
        36          0          0          0          0        108   memseta.o
      2258         90          0          0          0        452   printfa.o
        12          6          0          0          0         68   putchar.o
        36          6          0          0          0         80   puts.o
         0          0          0          4          0          0   stdout.o
        44          0          0          0          0         80   uidiv.o
        98          0          0          0          0         92   uldiv.o
        48          0          0          0          0         68   cdcmple.o
        48          0          0          0          0         68   cdrcmple.o
        56          0          0          0          0         88   d2f.o
       334          0          0          0          0        148   dadd.o
       222          0          0          0          0        100   ddiv.o
       186          0          0          0          0        176   depilogue.o
        62          0          0          0          0         80   dfixi.o
        48          0          0          0          0         68   dfixul.o
        34          0          0          0          0         76   dflti.o
       228          0          0          0          0         96   dmul.o
       136          4          0          0          0         92   drnd.o
        38          0          0          0          0         68   f2d.o
       176          0          0          0          0        140   fadd.o
        28          0          0          0          0         68   fcmpeq.o
        28          0          0          0          0         68   fcmple.o
        28          0          0          0          0         68   fcmplt.o
       124          0          0          0          0         88   fdiv.o
       110          0          0          0          0        168   fepilogue.o
        50          0          0          0          0         68   ffixi.o
        18          0          0          0          0         68   fflti.o
        10          0          0          0          0         68   ffltui.o
       100          0          0          0          0         76   fmul.o

    ----------------------------------------------------------------------
      5092        134          0          4          0       3480   Library Totals
         4          0          0          0          0          0   (incl. Padding)

    ----------------------------------------------------------------------

      Code (inc. data)   RO Data    RW Data    ZI Data      Debug   Library Name

       148         12          0          0          0         88   m_ws.l
      2828        118          0          4          0       1384   mc_w.l
      2112          4          0          0          0       2008   mf_w.l

    ----------------------------------------------------------------------
      5092        134          0          4          0       3480   Library Totals

    ----------------------------------------------------------------------

==============================================================================


      Code (inc. data)   RO Data    RW Data    ZI Data      Debug   

     26428       1050       7904         72      13472     310345   Grand Totals
     26428       1050       7904         72      13472     310345   ELF Image Totals
     26428       1050       7904         72          0          0   ROM Totals

==============================================================================

    Total RO  Size (Code + RO Data)                34332 (  33.53kB)
    Total RW  Size (RW Data + ZI Data)             13544 (  13.23kB)
    Total ROM Size (Code + RO Data + RW Data)      34404 (  33.60kB)

==============================================================================

